Archive member included to satisfy reference by file (symbol)

C:/ST/STM32CubeIDE_1.13.2/STM32CubeIDE/plugins/com.st.stm32cube.ide.mcu.externaltools.gnu-tools-for-stm32.12.3.rel1.win32_1.1.0.202410251130/tools/bin/../lib/gcc/arm-none-eabi/12.3.1/../../../../arm-none-eabi/lib/thumb/v7e-m+dp/hard\libc_nano.a(libc_a-exit.o)
                              C:/ST/STM32CubeIDE_1.13.2/STM32CubeIDE/plugins/com.st.stm32cube.ide.mcu.externaltools.gnu-tools-for-stm32.12.3.rel1.win32_1.1.0.202410251130/tools/bin/../lib/gcc/arm-none-eabi/12.3.1/../../../../arm-none-eabi/lib/thumb/v7e-m+dp/hard/crt0.o (exit)
C:/ST/STM32CubeIDE_1.13.2/STM32CubeIDE/plugins/com.st.stm32cube.ide.mcu.externaltools.gnu-tools-for-stm32.12.3.rel1.win32_1.1.0.202410251130/tools/bin/../lib/gcc/arm-none-eabi/12.3.1/../../../../arm-none-eabi/lib/thumb/v7e-m+dp/hard\libc_nano.a(libc_a-malloc.o)
                              ./Core/Src/eos_kernel.o (malloc)
C:/ST/STM32CubeIDE_1.13.2/STM32CubeIDE/plugins/com.st.stm32cube.ide.mcu.externaltools.gnu-tools-for-stm32.12.3.rel1.win32_1.1.0.202410251130/tools/bin/../lib/gcc/arm-none-eabi/12.3.1/../../../../arm-none-eabi/lib/thumb/v7e-m+dp/hard\libc_nano.a(libc_a-mallocr.o)
                              C:/ST/STM32CubeIDE_1.13.2/STM32CubeIDE/plugins/com.st.stm32cube.ide.mcu.externaltools.gnu-tools-for-stm32.12.3.rel1.win32_1.1.0.202410251130/tools/bin/../lib/gcc/arm-none-eabi/12.3.1/../../../../arm-none-eabi/lib/thumb/v7e-m+dp/hard\libc_nano.a(libc_a-malloc.o) (_malloc_r)
C:/ST/STM32CubeIDE_1.13.2/STM32CubeIDE/plugins/com.st.stm32cube.ide.mcu.externaltools.gnu-tools-for-stm32.12.3.rel1.win32_1.1.0.202410251130/tools/bin/../lib/gcc/arm-none-eabi/12.3.1/../../../../arm-none-eabi/lib/thumb/v7e-m+dp/hard\libc_nano.a(libc_a-mlock.o)
                              C:/ST/STM32CubeIDE_1.13.2/STM32CubeIDE/plugins/com.st.stm32cube.ide.mcu.externaltools.gnu-tools-for-stm32.12.3.rel1.win32_1.1.0.202410251130/tools/bin/../lib/gcc/arm-none-eabi/12.3.1/../../../../arm-none-eabi/lib/thumb/v7e-m+dp/hard\libc_nano.a(libc_a-mallocr.o) (__malloc_lock)
C:/ST/STM32CubeIDE_1.13.2/STM32CubeIDE/plugins/com.st.stm32cube.ide.mcu.externaltools.gnu-tools-for-stm32.12.3.rel1.win32_1.1.0.202410251130/tools/bin/../lib/gcc/arm-none-eabi/12.3.1/../../../../arm-none-eabi/lib/thumb/v7e-m+dp/hard\libc_nano.a(libc_a-findfp.o)
                              C:/ST/STM32CubeIDE_1.13.2/STM32CubeIDE/plugins/com.st.stm32cube.ide.mcu.externaltools.gnu-tools-for-stm32.12.3.rel1.win32_1.1.0.202410251130/tools/bin/../lib/gcc/arm-none-eabi/12.3.1/../../../../arm-none-eabi/lib/thumb/v7e-m+dp/hard\libc_nano.a(libc_a-exit.o) (__stdio_exit_handler)
C:/ST/STM32CubeIDE_1.13.2/STM32CubeIDE/plugins/com.st.stm32cube.ide.mcu.externaltools.gnu-tools-for-stm32.12.3.rel1.win32_1.1.0.202410251130/tools/bin/../lib/gcc/arm-none-eabi/12.3.1/../../../../arm-none-eabi/lib/thumb/v7e-m+dp/hard\libc_nano.a(libc_a-fwalk.o)
                              C:/ST/STM32CubeIDE_1.13.2/STM32CubeIDE/plugins/com.st.stm32cube.ide.mcu.externaltools.gnu-tools-for-stm32.12.3.rel1.win32_1.1.0.202410251130/tools/bin/../lib/gcc/arm-none-eabi/12.3.1/../../../../arm-none-eabi/lib/thumb/v7e-m+dp/hard\libc_nano.a(libc_a-findfp.o) (_fwalk_sglue)
C:/ST/STM32CubeIDE_1.13.2/STM32CubeIDE/plugins/com.st.stm32cube.ide.mcu.externaltools.gnu-tools-for-stm32.12.3.rel1.win32_1.1.0.202410251130/tools/bin/../lib/gcc/arm-none-eabi/12.3.1/../../../../arm-none-eabi/lib/thumb/v7e-m+dp/hard\libc_nano.a(libc_a-stdio.o)
                              C:/ST/STM32CubeIDE_1.13.2/STM32CubeIDE/plugins/com.st.stm32cube.ide.mcu.externaltools.gnu-tools-for-stm32.12.3.rel1.win32_1.1.0.202410251130/tools/bin/../lib/gcc/arm-none-eabi/12.3.1/../../../../arm-none-eabi/lib/thumb/v7e-m+dp/hard\libc_nano.a(libc_a-findfp.o) (__sread)
C:/ST/STM32CubeIDE_1.13.2/STM32CubeIDE/plugins/com.st.stm32cube.ide.mcu.externaltools.gnu-tools-for-stm32.12.3.rel1.win32_1.1.0.202410251130/tools/bin/../lib/gcc/arm-none-eabi/12.3.1/../../../../arm-none-eabi/lib/thumb/v7e-m+dp/hard\libc_nano.a(libc_a-memset.o)
                              C:/ST/STM32CubeIDE_1.13.2/STM32CubeIDE/plugins/com.st.stm32cube.ide.mcu.externaltools.gnu-tools-for-stm32.12.3.rel1.win32_1.1.0.202410251130/tools/bin/../lib/gcc/arm-none-eabi/12.3.1/../../../../arm-none-eabi/lib/thumb/v7e-m+dp/hard/crt0.o (memset)
C:/ST/STM32CubeIDE_1.13.2/STM32CubeIDE/plugins/com.st.stm32cube.ide.mcu.externaltools.gnu-tools-for-stm32.12.3.rel1.win32_1.1.0.202410251130/tools/bin/../lib/gcc/arm-none-eabi/12.3.1/../../../../arm-none-eabi/lib/thumb/v7e-m+dp/hard\libc_nano.a(libc_a-closer.o)
                              C:/ST/STM32CubeIDE_1.13.2/STM32CubeIDE/plugins/com.st.stm32cube.ide.mcu.externaltools.gnu-tools-for-stm32.12.3.rel1.win32_1.1.0.202410251130/tools/bin/../lib/gcc/arm-none-eabi/12.3.1/../../../../arm-none-eabi/lib/thumb/v7e-m+dp/hard\libc_nano.a(libc_a-stdio.o) (_close_r)
[...]
Memory Configuration

Name             Origin             Length             Attributes
RAM_D1           0x24000000         0x00080000         xrw
FLASH            0x08000000         0x00100000         xr
DTCMRAM          0x20000000         0x00020000         xrw
RAM_D2           0x30000000         0x00048000         xrw
RAM_D3           0x38000000         0x00010000         xrw
ITCMRAM          0x00000000         0x00010000         xrw
*default*        0x00000000         0xffffffff

Linker script and memory map

LOAD C:/ST/STM32CubeIDE_1.13.2/STM32CubeIDE/plugins/com.st.stm32cube.ide.mcu.externaltools.gnu-tools-for-stm32.12.3.rel1.win32_1.1.0.202410251130/tools/bin/../lib/gcc/arm-none-eabi/12.3.1/thumb/v7e-m+dp/hard/crti.o
LOAD C:/ST/STM32CubeIDE_1.13.2/STM32CubeIDE/plugins/com.st.stm32cube.ide.mcu.externaltools.gnu-tools-for-stm32.12.3.rel1.win32_1.1.0.202410251130/tools/bin/../lib/gcc/arm-none-eabi/12.3.1/thumb/v7e-m+dp/hard/crtbegin.o
LOAD C:/ST/STM32CubeIDE_1.13.2/STM32CubeIDE/plugins/com.st.stm32cube.ide.mcu.externaltools.gnu-tools-for-stm32.12.3.rel1.win32_1.1.0.202410251130/tools/bin/../lib/gcc/arm-none-eabi/12.3.1/../../../../arm-none-eabi/lib/thumb/v7e-m+dp/hard/crt0.o
LOAD ./Common/Src/system_stm32h7xx_dualcore_boot_cm4_cm7.o
LOAD ./Core/Src/eos.o
LOAD ./Core/Src/eos_kernel.o
LOAD ./Core/Src/eos_queue.o
LOAD ./Core/Src/eos_semaphore.o
LOAD ./Core/Src/main.o
LOAD ./Core/Src/stm32h7xx_hal_msp.o
LOAD ./Core/Src/stm32h7xx_it.o
LOAD ./Core/Src/syscalls.o
LOAD ./Core/Src/sysmem.o
LOAD ./Core/Startup/startup_stm32h747xihx.o
LOAD ./Drivers/STM32H7xx_HAL_Driver/stm32h7xx_hal.o
LOAD ./Drivers/STM32H7xx_HAL_Driver/stm32h7xx_hal_cortex.o
LOAD ./Drivers/STM32H7xx_HAL_Driver/stm32h7xx_hal_dma.o
LOAD ./Drivers/STM32H7xx_HAL_Driver/stm32h7xx_hal_dma_ex.o
LOAD ./Drivers/STM32H7xx_HAL_Driver/stm32h7xx_hal_exti.o
LOAD ./Drivers/STM32H7xx_HAL_Driver/stm32h7xx_hal_flash.o
LOAD ./Drivers/STM32H7xx_HAL_Driver/stm32h7xx_hal_flash_ex.o
LOAD ./Drivers/STM32H7xx_HAL_Driver/stm32h7xx_hal_gpio.o
LOAD ./Drivers/STM32H7xx_HAL_Driver/stm32h7xx_hal_hsem.o
LOAD ./Drivers/STM32H7xx_HAL_Driver/stm32h7xx_hal_i2c.o
LOAD ./Drivers/STM32H7xx_HAL_Driver/stm32h7xx_hal_i2c_ex.o
LOAD ./Drivers/STM32H7xx_HAL_Driver/stm32h7xx_hal_mdma.o
LOAD ./Drivers/STM32H7xx_HAL_Driver/stm32h7xx_hal_pwr.o
LOAD ./Drivers/STM32H7xx_HAL_Driver/stm32h7xx_hal_pwr_ex.o
LOAD ./Drivers/STM32H7xx_HAL_Driver/stm32h7xx_hal_rcc.o
LOAD ./Drivers/STM32H7xx_HAL_Driver/stm32h7xx_hal_rcc_ex.o
LOAD ./Drivers/STM32H7xx_HAL_Driver/stm32h7xx_hal_uart.o
LOAD ./Drivers/STM32H7xx_HAL_Driver/stm32h7xx_hal_uart_ex.o
START GROUP
LOAD C:/ST/STM32CubeIDE_1.13.2/STM32CubeIDE/plugins/com.st.stm32cube.ide.mcu.externaltools.gnu-tools-for-stm32.12.3.rel1.win32_1.1.0.202410251130/tools/bin/../lib/gcc/arm-none-eabi/12.3.1/../../../../arm-none-eabi/lib/thumb/v7e-m+dp/hard\libc_nano.a
LOAD C:/ST/STM32CubeIDE_1.13.2/STM32CubeIDE/plugins/com.st.stm32cube.ide.mcu.externaltools.gnu-tools-for-stm32.12.3.rel1.win32_1.1.0.202410251130/tools/bin/../lib/gcc/arm-none-eabi/12.3.1/../../../../arm-none-eabi/lib/thumb/v7e-m+dp/hard\libm.a
END GROUP
START GROUP
LOAD C:/ST/STM32CubeIDE_1.13.2/STM32CubeIDE/plugins/com.st.stm32cube.ide.mcu.externaltools.gnu-tools-for-stm32.12.3.rel1.win32_1.1.0.202410251130/tools/bin/../lib/gcc/arm-none-eabi/12.3.1/thumb/v7e-m+dp/hard\libgcc.a
LOAD C:/ST/STM32CubeIDE_1.13.2/STM32CubeIDE/plugins/com.st.stm32cube.ide.mcu.externaltools.gnu-tools-for-stm32.12.3.rel1.win32_1.1.0.202410251130/tools/bin/../lib/gcc/arm-none-eabi/12.3.1/../../../../arm-none-eabi/lib/thumb/v7e-m+dp/hard\libc_nano.a
END GROUP
START GROUP
LOAD C:/ST/STM32CubeIDE_1.13.2/STM32CubeIDE/plugins/com.st.stm32cube.ide.mcu.externaltools.gnu-tools-for-stm32.12.3.rel1.win32_1.1.0.202410251130/tools/bin/../lib/gcc/arm-none-eabi/12.3.1/thumb/v7e-m+dp/hard\libgcc.a
LOAD C:/ST/STM32CubeIDE_1.13.2/STM32CubeIDE/plugins/com.st.stm32cube.ide.mcu.externaltools.gnu-tools-for-stm32.12.3.rel1.win32_1.1.0.202410251130/tools/bin/../lib/gcc/arm-none-eabi/12.3.1/../../../../arm-none-eabi/lib/thumb/v7e-m+dp/hard\libc_nano.a
LOAD C:/ST/STM32CubeIDE_1.13.2/STM32CubeIDE/plugins/com.st.stm32cube.ide.mcu.externaltools.gnu-tools-for-stm32.12.3.rel1.win32_1.1.0.202410251130/tools/bin/../lib/gcc/arm-none-eabi/12.3.1/../../../../arm-none-eabi/lib/thumb/v7e-m+dp/hard\libnosys.a
END GROUP
START GROUP
LOAD C:/ST/STM32CubeIDE_1.13.2/STM32CubeIDE/plugins/com.st.stm32cube.ide.mcu.externaltools.gnu-tools-for-stm32.12.3.rel1.win32_1.1.0.202410251130/tools/bin/../lib/gcc/arm-none-eabi/12.3.1/thumb/v7e-m+dp/hard\libgcc.a
LOAD C:/ST/STM32CubeIDE_1.13.2/STM32CubeIDE/plugins/com.st.stm32cube.ide.mcu.externaltools.gnu-tools-for-stm32.12.3.rel1.win32_1.1.0.202410251130/tools/bin/../lib/gcc/arm-none-eabi/12.3.1/../../../../arm-none-eabi/lib/thumb/v7e-m+dp/hard\libc_nano.a
LOAD C:/ST/STM32CubeIDE_1.13.2/STM32CubeIDE/plugins/com.st.stm32cube.ide.mcu.externaltools.gnu-tools-for-stm32.12.3.rel1.win32_1.1.0.202410251130/tools/bin/../lib/gcc/arm-none-eabi/12.3.1/../../../../arm-none-eabi/lib/thumb/v7e-m+dp/hard\libnosys.a
END GROUP
LOAD C:/ST/STM32CubeIDE_1.13.2/STM32CubeIDE/plugins/com.st.stm32cube.ide.mcu.externaltools.gnu-tools-for-stm32.12.3.rel1.win32_1.1.0.202410251130/tools/bin/../lib/gcc/arm-none-eabi/12.3.1/thumb/v7e-m+dp/hard/crtend.o
LOAD C:/ST/STM32CubeIDE_1.13.2/STM32CubeIDE/plugins/com.st.stm32cube.ide.mcu.externaltools.gnu-tools-for-stm32.12.3.rel1.win32_1.1.0.202410251130/tools/bin/../lib/gcc/arm-none-eabi/12.3.1/thumb/v7e-m+dp/hard/crtn.o
                0x24080000                        _estack = (ORIGIN (RAM_D1) + LENGTH (RAM_D1))
                0x00000200                        _Min_Heap_Size = 0x200
                0x00000400                        _Min_Stack_Size = 0x400

.isr_vector     0x08000000      0x298
                0x08000000                        . = ALIGN (0x4)
 *(.isr_vector)
 .isr_vector    0x08000000      0x298 ./Core/Startup/startup_stm32h747xihx.o
                0x08000000                g_pfnVectors
                0x08000298                        . = ALIGN (0x4)

.text           0x080002a0     0x6208
                0x080002a0                        . = ALIGN (0x4)
 *(.text)
 .text          0x080002a0       0x40 C:/ST/STM32CubeIDE_1.13.2/STM32CubeIDE/plugins/com.st.stm32cube.ide.mcu.externaltools.gnu-tools-for-stm32.12.3.rel1.win32_1.1.0.202410251130/tools/bin/../lib/gcc/arm-none-eabi/12.3.1/thumb/v7e-m+dp/hard/crtbegin.o
 .text          0x080002e0       0x30 C:/ST/STM32CubeIDE_1.13.2/STM32CubeIDE/plugins/com.st.stm32cube.ide.mcu.externaltools.gnu-tools-for-stm32.12.3.rel1.win32_1.1.0.202410251130/tools/bin/../lib/gcc/arm-none-eabi/12.3.1/thumb/v7e-m+dp/hard\libgcc.a(_aeabi_uldivmod.o)
                0x080002e0                __aeabi_uldivmod
 .text          0x08000310      0x2bc C:/ST/STM32CubeIDE_1.13.2/STM32CubeIDE/plugins/com.st.stm32cube.ide.mcu.externaltools.gnu-tools-for-stm32.12.3.rel1.win32_1.1.0.202410251130/tools/bin/../lib/gcc/arm-none-eabi/12.3.1/thumb/v7e-m+dp/hard\libgcc.a(_udivmoddi4.o)
                0x08000310                __udivmoddi4
 .text          0x080005cc        0x4 C:/ST/STM32CubeIDE_1.13.2/STM32CubeIDE/plugins/com.st.stm32cube.ide.mcu.externaltools.gnu-tools-for-stm32.12.3.rel1.win32_1.1.0.202410251130/tools/bin/../lib/gcc/arm-none-eabi/12.3.1/thumb/v7e-m+dp/hard\libgcc.a(_dvmd_tls.o)
                0x080005cc                __aeabi_idiv0
                0x080005cc                __aeabi_ldiv0
 *(.text*)
 .text.SystemInit
                0x080005d0      0x15c ./Common/Src/system_stm32h7xx_dualcore_boot_cm4_cm7.o
                0x080005d0                SystemInit
 .text.ExitRun0Mode
                0x0800072c       0x30 ./Common/Src/system_stm32h7xx_dualcore_boot_cm4_cm7.o
                0x0800072c                ExitRun0Mode
 .text.EvanRTOS_Init
                0x0800075c      0x140 ./Core/Src/eos.o
                0x0800075c                EvanRTOS_Init
 .text.task0    0x0800089c       0x7c ./Core/Src/eos.o
                0x0800089c                task0
 .text.task1    0x08000918       0x70 ./Core/Src/eos.o
                0x08000918                task1
 .text.task2    0x08000988       0x38 ./Core/Src/eos.o
                0x08000988                task2
 .text.task3    0x080009c0       0x50 ./Core/Src/eos.o
                0x080009c0                task3
 .text.task4    0x08000a10       0x40 ./Core/Src/eos.o
                0x08000a10                task4
 .text.task5    0x08000a50       0x34 ./Core/Src/eos.o
                0x08000a50                task5
 .text.EOS_ThreadNew
                0x08000a84      0x134 ./Core/Src/eos_kernel.o
                0x08000a84                EOS_ThreadNew
 .text.EOS_Init
                0x08000bb8       0x60 ./Core/Src/eos_kernel.o
                0x08000bb8                EOS_Init
 .text.EOS_Start
                0x08000c18       0x28 ./Core/Src/eos_kernel.o
 .text.EOS_scheduler
                0x08000c40       0x84 ./Core/Src/eos_kernel.o
 *fill*         0x08000cc4        0xc 
 .text.PendSV_Handler
                0x08000cd0       0x58 ./Core/Src/eos_kernel.o
                0x08000cd0                PendSV_Handler
 .text.SysTick_Handler
                0x08000d28       0x54 ./Core/Src/eos_kernel.o
                0x08000d28                SysTick_Handler
 .text.EOS_Delay
                0x08000d7c       0x3c ./Core/Src/eos_kernel.o
                0x08000d7c                EOS_Delay
 .text.EOS_Pause
                0x08000db8       0x4c ./Core/Src/eos_kernel.o
                0x08000db8                EOS_Pause
 .text.EOS_Resume
                0x08000e04       0x36 ./Core/Src/eos_kernel.o
                0x08000e04                EOS_Resume
 *fill*         0x08000e3a        0x2 
 .text.EOS_Suspend
                0x08000e3c       0x1c ./Core/Src/eos_kernel.o
                0x08000e3c                EOS_Suspend
 .text.EOS_EnterCritical
                0x08000e58       0x12 ./Core/Src/eos_kernel.o
                0x08000e58                EOS_EnterCritical
 .text.EOS_ExitCritical
                0x08000e6a       0x12 ./Core/Src/eos_kernel.o
                0x08000e6a                EOS_ExitCritical
 .text.EOS_TaskUnblock
                0x08000e7c       0x78 ./Core/Src/eos_kernel.o
                0x08000e7c                EOS_TaskUnblock
 .text.EOS_HandleTimeout
                0x08000ef4       0x68 ./Core/Src/eos_kernel.o
 .text.EOS_InitStack
                0x08000f5c      0x1a0 ./Core/Src/eos_kernel.o
 .text.EOS_InitFpuStack
                0x080010fc      0x174 ./Core/Src/eos_kernel.o
 .text.idleTask
                0x08001270        0x8 ./Core/Src/eos_kernel.o
 .text.EOS_QueueCreate
                0x08001278       0x6e ./Core/Src/eos_queue.o
                0x08001278                EOS_QueueCreate
 *fill*         0x080012e6        0x2 
 .text.EOS_QueueGet
                0x080012e8       0xb0 ./Core/Src/eos_queue.o
                0x080012e8                EOS_QueueGet
 .text.EOS_QueuePut
                0x08001398       0xb8 ./Core/Src/eos_queue.o
                0x08001398                EOS_QueuePut
 .text.EOS_SemaphoreAcquire
                0x08001450       0x48 ./Core/Src/eos_semaphore.o
                0x08001450                EOS_SemaphoreAcquire
 .text.EOS_SemaphoreRelease
                0x08001498       0x3e ./Core/Src/eos_semaphore.o
                0x08001498                EOS_SemaphoreRelease
 .text.EOS_SemaphoreNew
                0x080014d6       0x34 ./Core/Src/eos_semaphore.o
                0x080014d6                EOS_SemaphoreNew
 *fill*         0x0800150a        0x2 
 .text.main     0x0800150c       0xa4 ./Core/Src/main.o
                0x0800150c                main
 .text.SystemClock_Config
                0x080015b0      0x10c ./Core/Src/main.o
                0x080015b0                SystemClock_Config
 .text.PeriphCommonClock_Config
                0x080016bc       0x5e ./Core/Src/main.o
                0x080016bc                PeriphCommonClock_Config
 *fill*         0x0800171a        0x2 
 .text.MX_USART1_UART_Init
                0x0800171c       0x98 ./Core/Src/main.o
 .text.MX_GPIO_Init
                0x080017b4      0x12c ./Core/Src/main.o
 .text.Error_Handler
                0x080018e0        0xc ./Core/Src/main.o
                0x080018e0                Error_Handler
 .text.HAL_MspInit
                0x080018ec       0x3c ./Core/Src/stm32h7xx_hal_msp.o
                0x080018ec                HAL_MspInit
 .text.HAL_UART_MspInit
                0x08001928       0xd4 ./Core/Src/stm32h7xx_hal_msp.o
                0x08001928                HAL_UART_MspInit
 .text.NMI_Handler
                0x080019fc        0x8 ./Core/Src/stm32h7xx_it.o
                0x080019fc                NMI_Handler
 .text.HardFault_Handler
                0x08001a04        0x8 ./Core/Src/stm32h7xx_it.o
                0x08001a04                HardFault_Handler
 .text.MemManage_Handler
                0x08001a0c        0x8 ./Core/Src/stm32h7xx_it.o
                0x08001a0c                MemManage_Handler
 .text.BusFault_Handler
                0x08001a14        0x8 ./Core/Src/stm32h7xx_it.o
                0x08001a14                BusFault_Handler
 .text.UsageFault_Handler
                0x08001a1c        0x8 ./Core/Src/stm32h7xx_it.o
                0x08001a1c                UsageFault_Handler
 .text.SVC_Handler
                0x08001a24        0xe ./Core/Src/stm32h7xx_it.o
                0x08001a24                SVC_Handler
 .text.DebugMon_Handler
                0x08001a32        0xe ./Core/Src/stm32h7xx_it.o
                0x08001a32                DebugMon_Handler
 .text._sbrk    0x08001a40       0x6c ./Core/Src/sysmem.o
                0x08001a40                _sbrk
 .text.Reset_Handler
                0x08001aac       0x54 ./Core/Startup/startup_stm32h747xihx.o
                0x08001aac                Reset_Handler
 .text.Default_Handler
                0x08001b00        0x2 ./Core/Startup/startup_stm32h747xihx.o
                0x08001b00                RTC_Alarm_IRQHandler
                0x08001b00                EXTI2_IRQHandler
                0x08001b00                TIM8_CC_IRQHandler
                0x08001b00                HRTIM1_Master_IRQHandler
                0x08001b00                UART8_IRQHandler
                0x08001b00                SPI4_IRQHandler
                0x08001b00                TIM1_CC_IRQHandler
                0x08001b00                BDMA_Channel6_IRQHandler
                0x08001b00                DMA2_Stream5_IRQHandler
                0x08001b00                HRTIM1_FLT_IRQHandler
                0x08001b00                JPEG_IRQHandler
                0x08001b00                DMA1_Stream5_IRQHandler
                0x08001b00                BDMA_Channel1_IRQHandler
                0x08001b00                HRTIM1_TIMD_IRQHandler
                0x08001b00                TAMP_STAMP_IRQHandler
                0x08001b00                EXTI3_IRQHandler
                0x08001b00                LPTIM4_IRQHandler
                0x08001b00                TIM8_TRG_COM_TIM14_IRQHandler
                0x08001b00                LPTIM2_IRQHandler
                0x08001b00                DFSDM1_FLT1_IRQHandler
                0x08001b00                DMAMUX2_OVR_IRQHandler
                0x08001b00                TIM8_UP_TIM13_IRQHandler
                0x08001b00                I2C3_ER_IRQHandler
                0x08001b00                DFSDM1_FLT2_IRQHandler
                0x08001b00                MDMA_IRQHandler
                0x08001b00                LPTIM3_IRQHandler
                0x08001b00                HSEM1_IRQHandler
                0x08001b00                EXTI0_IRQHandler
                0x08001b00                I2C2_EV_IRQHandler
                0x08001b00                DMA1_Stream2_IRQHandler
                0x08001b00                FPU_IRQHandler
                0x08001b00                OTG_HS_WKUP_IRQHandler
                0x08001b00                FDCAN1_IT1_IRQHandler
                0x08001b00                LTDC_ER_IRQHandler
                0x08001b00                DMA2_Stream2_IRQHandler
                0x08001b00                HRTIM1_TIME_IRQHandler
                0x08001b00                SPI1_IRQHandler
                0x08001b00                TIM6_DAC_IRQHandler
                0x08001b00                DCMI_IRQHandler
                0x08001b00                HRTIM1_TIMC_IRQHandler
                0x08001b00                DMA2_Stream3_IRQHandler
                0x08001b00                SAI2_IRQHandler
                0x08001b00                DFSDM1_FLT3_IRQHandler
                0x08001b00                USART6_IRQHandler
                0x08001b00                TIM17_IRQHandler
                0x08001b00                USART3_IRQHandler
                0x08001b00                BDMA_Channel7_IRQHandler
                0x08001b00                LPTIM5_IRQHandler
                0x08001b00                UART5_IRQHandler
                0x08001b00                ADC3_IRQHandler
                0x08001b00                DMA2_Stream0_IRQHandler
                0x08001b00                TIM4_IRQHandler
                0x08001b00                BDMA_Channel2_IRQHandler
                0x08001b00                QUADSPI_IRQHandler
                0x08001b00                I2C1_EV_IRQHandler
                0x08001b00                DMA1_Stream6_IRQHandler
                0x08001b00                DMAMUX1_OVR_IRQHandler
                0x08001b00                DMA1_Stream1_IRQHandler
                0x08001b00                TIM16_IRQHandler
                0x08001b00                UART4_IRQHandler
                0x08001b00                BDMA_Channel5_IRQHandler
                0x08001b00                TIM3_IRQHandler
                0x08001b00                RCC_IRQHandler
                0x08001b00                TIM8_BRK_TIM12_IRQHandler
                0x08001b00                TIM1_TRG_COM_IRQHandler
                0x08001b00                Default_Handler
                0x08001b00                ECC_IRQHandler
                0x08001b00                CEC_IRQHandler
                0x08001b00                EXTI15_10_IRQHandler
                0x08001b00                BDMA_Channel0_IRQHandler
                0x08001b00                ADC_IRQHandler
                0x08001b00                DMA1_Stream7_IRQHandler
                0x08001b00                HRTIM1_TIMA_IRQHandler
                0x08001b00                SPI5_IRQHandler
                0x08001b00                TIM7_IRQHandler
                0x08001b00                SDMMC1_IRQHandler
                0x08001b00                TIM5_IRQHandler
                0x08001b00                DMA2_Stream7_IRQHandler
                0x08001b00                TIM15_IRQHandler
                0x08001b00                PVD_AVD_IRQHandler
                0x08001b00                I2C3_EV_IRQHandler
                0x08001b00                EXTI9_5_IRQHandler
                0x08001b00                RTC_WKUP_IRQHandler
                0x08001b00                LTDC_IRQHandler
                0x08001b00                SAI3_IRQHandler
                0x08001b00                ETH_WKUP_IRQHandler
                0x08001b00                SPDIF_RX_IRQHandler
                0x08001b00                SPI2_IRQHandler
                0x08001b00                OTG_HS_EP1_IN_IRQHandler
                0x08001b00                DMA1_Stream0_IRQHandler
                0x08001b00                CRS_IRQHandler
                0x08001b00                CM7_SEV_IRQHandler
                0x08001b00                EXTI4_IRQHandler
                0x08001b00                RNG_IRQHandler
                0x08001b00                CM4_SEV_IRQHandler
                0x08001b00                HRTIM1_TIMB_IRQHandler
                0x08001b00                FDCAN2_IT1_IRQHandler
                0x08001b00                DSI_IRQHandler
                0x08001b00                ETH_IRQHandler
                0x08001b00                TIM1_UP_IRQHandler
                0x08001b00                WWDG_RST_IRQHandler
                0x08001b00                BDMA_Channel4_IRQHandler
                0x08001b00                OTG_HS_EP1_OUT_IRQHandler
                0x08001b00                WWDG_IRQHandler
                0x08001b00                SPI6_IRQHandler
                0x08001b00                MDIOS_IRQHandler
                0x08001b00                I2C4_EV_IRQHandler
                0x08001b00                FDCAN2_IT0_IRQHandler
                0x08001b00                LPUART1_IRQHandler
                0x08001b00                FDCAN1_IT0_IRQHandler
                0x08001b00                TIM2_IRQHandler
                0x08001b00                OTG_FS_WKUP_IRQHandler
                0x08001b00                OTG_HS_IRQHandler
                0x08001b00                HSEM2_IRQHandler
                0x08001b00                DMA2D_IRQHandler
                0x08001b00                TIM1_BRK_IRQHandler
                0x08001b00                EXTI1_IRQHandler
                0x08001b00                SDMMC2_IRQHandler
                0x08001b00                OTG_FS_EP1_OUT_IRQHandler
                0x08001b00                BDMA_Channel3_IRQHandler
                0x08001b00                HOLD_CORE_IRQHandler
                0x08001b00                UART7_IRQHandler
                0x08001b00                MDIOS_WKUP_IRQHandler
                0x08001b00                USART2_IRQHandler
                0x08001b00                DFSDM1_FLT0_IRQHandler
                0x08001b00                SAI4_IRQHandler
                0x08001b00                I2C2_ER_IRQHandler
                0x08001b00                DMA2_Stream1_IRQHandler
                0x08001b00                FLASH_IRQHandler
                0x08001b00                DMA2_Stream4_IRQHandler
                0x08001b00                USART1_IRQHandler
                0x08001b00                OTG_FS_IRQHandler
                0x08001b00                SPI3_IRQHandler
                0x08001b00                WAKEUP_PIN_IRQHandler
                0x08001b00                DMA1_Stream4_IRQHandler
                0x08001b00                OTG_FS_EP1_IN_IRQHandler
                0x08001b00                I2C1_ER_IRQHandler
                0x08001b00                FMC_IRQHandler
                0x08001b00                FDCAN_CAL_IRQHandler
                0x08001b00                SWPMI1_IRQHandler
                0x08001b00                COMP1_IRQHandler
                0x08001b00                LPTIM1_IRQHandler
                0x08001b00                I2C4_ER_IRQHandler
                0x08001b00                DMA2_Stream6_IRQHandler
                0x08001b00                SAI1_IRQHandler
                0x08001b00                DMA1_Stream3_IRQHandler
 *fill*         0x08001b02        0x2 
 .text.HAL_Init
                0x08001b04       0x78 ./Drivers/STM32H7xx_HAL_Driver/stm32h7xx_hal.o
                0x08001b04                HAL_Init
 .text.HAL_InitTick
                0x08001b7c       0x6c ./Drivers/STM32H7xx_HAL_Driver/stm32h7xx_hal.o
                0x08001b7c                HAL_InitTick
 .text.HAL_IncTick
                0x08001be8       0x28 ./Drivers/STM32H7xx_HAL_Driver/stm32h7xx_hal.o
                0x08001be8                HAL_IncTick
 .text.HAL_GetTick
                0x08001c10       0x18 ./Drivers/STM32H7xx_HAL_Driver/stm32h7xx_hal.o
                0x08001c10                HAL_GetTick
 .text.HAL_GetREVID
                0x08001c28       0x18 ./Drivers/STM32H7xx_HAL_Driver/stm32h7xx_hal.o
                0x08001c28                HAL_GetREVID
 .text.__NVIC_SetPriorityGrouping
                0x08001c40       0x48 ./Drivers/STM32H7xx_HAL_Driver/stm32h7xx_hal_cortex.o
 .text.__NVIC_GetPriorityGrouping
                0x08001c88       0x1c ./Drivers/STM32H7xx_HAL_Driver/stm32h7xx_hal_cortex.o
 .text.__NVIC_SetPriority
                0x08001ca4       0x54 ./Drivers/STM32H7xx_HAL_Driver/stm32h7xx_hal_cortex.o
 .text.NVIC_EncodePriority
                0x08001cf8       0x66 ./Drivers/STM32H7xx_HAL_Driver/stm32h7xx_hal_cortex.o
 *fill*         0x08001d5e        0x2 
 .text.SysTick_Config
                0x08001d60       0x44 ./Drivers/STM32H7xx_HAL_Driver/stm32h7xx_hal_cortex.o
 .text.HAL_NVIC_SetPriorityGrouping
                0x08001da4       0x16 ./Drivers/STM32H7xx_HAL_Driver/stm32h7xx_hal_cortex.o
                0x08001da4                HAL_NVIC_SetPriorityGrouping
 .text.HAL_NVIC_SetPriority
                0x08001dba       0x34 ./Drivers/STM32H7xx_HAL_Driver/stm32h7xx_hal_cortex.o
                0x08001dba                HAL_NVIC_SetPriority
 .text.HAL_SYSTICK_Config
                0x08001dee       0x18 ./Drivers/STM32H7xx_HAL_Driver/stm32h7xx_hal_cortex.o
                0x08001dee                HAL_SYSTICK_Config
 *fill*         0x08001e06        0x2 
 .text.HAL_GPIO_Init
                0x08001e08      0x360 ./Drivers/STM32H7xx_HAL_Driver/stm32h7xx_hal_gpio.o
                0x08001e08                HAL_GPIO_Init
 .text.HAL_GPIO_WritePin
                0x08002168       0x32 ./Drivers/STM32H7xx_HAL_Driver/stm32h7xx_hal_gpio.o
                0x08002168                HAL_GPIO_WritePin
 *fill*         0x0800219a        0x2 
 .text.HAL_HSEM_FastTake
                0x0800219c       0x34 ./Drivers/STM32H7xx_HAL_Driver/stm32h7xx_hal_hsem.o
                0x0800219c                HAL_HSEM_FastTake
 .text.HAL_HSEM_Release
                0x080021d0       0x28 ./Drivers/STM32H7xx_HAL_Driver/stm32h7xx_hal_hsem.o
                0x080021d0                HAL_HSEM_Release
 .text.HAL_PWREx_ConfigSupply
                0x080021f8       0xb4 ./Drivers/STM32H7xx_HAL_Driver/stm32h7xx_hal_pwr_ex.o
                0x080021f8                HAL_PWREx_ConfigSupply
 .text.HAL_RCC_OscConfig
                0x080022ac      0x8b4 ./Drivers/STM32H7xx_HAL_Driver/stm32h7xx_hal_rcc.o
                0x080022ac                HAL_RCC_OscConfig
 .text.HAL_RCC_ClockConfig
                0x08002b60      0x36c ./Drivers/STM32H7xx_HAL_Driver/stm32h7xx_hal_rcc.o
                0x08002b60                HAL_RCC_ClockConfig
 .text.HAL_RCC_MCOConfig
                0x08002ecc       0xd4 ./Drivers/STM32H7xx_HAL_Driver/stm32h7xx_hal_rcc.o
                0x08002ecc                HAL_RCC_MCOConfig
 .text.HAL_RCC_GetSysClockFreq
                0x08002fa0      0x2f4 ./Drivers/STM32H7xx_HAL_Driver/stm32h7xx_hal_rcc.o
                0x08002fa0                HAL_RCC_GetSysClockFreq
 .text.HAL_RCC_GetHCLKFreq
                0x08003294       0x60 ./Drivers/STM32H7xx_HAL_Driver/stm32h7xx_hal_rcc.o
                0x08003294                HAL_RCC_GetHCLKFreq
 .text.HAL_RCC_GetPCLK1Freq
                0x080032f4       0x2c ./Drivers/STM32H7xx_HAL_Driver/stm32h7xx_hal_rcc.o
                0x080032f4                HAL_RCC_GetPCLK1Freq
 .text.HAL_RCC_GetPCLK2Freq
                0x08003320       0x2c ./Drivers/STM32H7xx_HAL_Driver/stm32h7xx_hal_rcc.o
                0x08003320                HAL_RCC_GetPCLK2Freq
 .text.HAL_RCCEx_PeriphCLKConfig
                0x0800334c     0x1494 ./Drivers/STM32H7xx_HAL_Driver/stm32h7xx_hal_rcc_ex.o
                0x0800334c                HAL_RCCEx_PeriphCLKConfig
 .text.HAL_RCCEx_GetD3PCLK1Freq
                0x080047e0       0x2c ./Drivers/STM32H7xx_HAL_Driver/stm32h7xx_hal_rcc_ex.o
                0x080047e0                HAL_RCCEx_GetD3PCLK1Freq
 .text.HAL_RCCEx_GetPLL2ClockFreq
                0x0800480c      0x2a8 ./Drivers/STM32H7xx_HAL_Driver/stm32h7xx_hal_rcc_ex.o
                0x0800480c                HAL_RCCEx_GetPLL2ClockFreq
 .text.HAL_RCCEx_GetPLL3ClockFreq
                0x08004ab4      0x2a8 ./Drivers/STM32H7xx_HAL_Driver/stm32h7xx_hal_rcc_ex.o
                0x08004ab4                HAL_RCCEx_GetPLL3ClockFreq
 .text.RCCEx_PLL2_Config
                0x08004d5c      0x164 ./Drivers/STM32H7xx_HAL_Driver/stm32h7xx_hal_rcc_ex.o
 .text.RCCEx_PLL3_Config
                0x08004ec0      0x164 ./Drivers/STM32H7xx_HAL_Driver/stm32h7xx_hal_rcc_ex.o
 .text.HAL_UART_Init
                0x08005024       0xa0 ./Drivers/STM32H7xx_HAL_Driver/stm32h7xx_hal_uart.o
                0x08005024                HAL_UART_Init
 .text.UART_SetConfig
                0x080050c4      0xad0 ./Drivers/STM32H7xx_HAL_Driver/stm32h7xx_hal_uart.o
                0x080050c4                UART_SetConfig
 .text.UART_AdvFeatureConfig
                0x08005b94      0x144 ./Drivers/STM32H7xx_HAL_Driver/stm32h7xx_hal_uart.o
                0x08005b94                UART_AdvFeatureConfig
 .text.UART_CheckIdleState
                0x08005cd8      0x154 ./Drivers/STM32H7xx_HAL_Driver/stm32h7xx_hal_uart.o
                0x08005cd8                UART_CheckIdleState
 .text.UART_WaitOnFlagUntilTimeout
                0x08005e2c       0xda ./Drivers/STM32H7xx_HAL_Driver/stm32h7xx_hal_uart.o
                0x08005e2c                UART_WaitOnFlagUntilTimeout
 *fill*         0x08005f06        0x2 
 .text.UART_EndRxTransfer
                0x08005f08       0xcc ./Drivers/STM32H7xx_HAL_Driver/stm32h7xx_hal_uart.o
 .text.HAL_UARTEx_DisableFifoMode
                0x08005fd4       0x72 ./Drivers/STM32H7xx_HAL_Driver/stm32h7xx_hal_uart_ex.o
                0x08005fd4                HAL_UARTEx_DisableFifoMode
 .text.HAL_UARTEx_SetTxFifoThreshold
                0x08006046       0x7c ./Drivers/STM32H7xx_HAL_Driver/stm32h7xx_hal_uart_ex.o
                0x08006046                HAL_UARTEx_SetTxFifoThreshold
 .text.HAL_UARTEx_SetRxFifoThreshold
                0x080060c2       0x7c ./Drivers/STM32H7xx_HAL_Driver/stm32h7xx_hal_uart_ex.o
                0x080060c2                HAL_UARTEx_SetRxFifoThreshold
 *fill*         0x0800613e        0x2 
 .text.UARTEx_SetNbDataToProcess
                0x08006140       0x9c ./Drivers/STM32H7xx_HAL_Driver/stm32h7xx_hal_uart_ex.o
 .text.malloc   0x080061dc       0x10 C:/ST/STM32CubeIDE_1.13.2/STM32CubeIDE/plugins/com.st.stm32cube.ide.mcu.externaltools.gnu-tools-for-stm32.12.3.rel1.win32_1.1.0.202410251130/tools/bin/../lib/gcc/arm-none-eabi/12.3.1/../../../../arm-none-eabi/lib/thumb/v7e-m+dp/hard\libc_nano.a(libc_a-malloc.o)
                0x080061dc                malloc
 .text.free     0x080061ec       0x10 C:/ST/STM32CubeIDE_1.13.2/STM32CubeIDE/plugins/com.st.stm32cube.ide.mcu.externaltools.gnu-tools-for-stm32.12.3.rel1.win32_1.1.0.202410251130/tools/bin/../lib/gcc/arm-none-eabi/12.3.1/../../../../arm-none-eabi/lib/thumb/v7e-m+dp/hard\libc_nano.a(libc_a-malloc.o)
                0x080061ec                free
 .text.sbrk_aligned
                0x080061fc       0x44 C:/ST/STM32CubeIDE_1.13.2/STM32CubeIDE/plugins/com.st.stm32cube.ide.mcu.externaltools.gnu-tools-for-stm32.12.3.rel1.win32_1.1.0.202410251130/tools/bin/../lib/gcc/arm-none-eabi/12.3.1/../../../../arm-none-eabi/lib/thumb/v7e-m+dp/hard\libc_nano.a(libc_a-mallocr.o)
 .text._malloc_r
                0x08006240      0x100 C:/ST/STM32CubeIDE_1.13.2/STM32CubeIDE/plugins/com.st.stm32cube.ide.mcu.externaltools.gnu-tools-for-stm32.12.3.rel1.win32_1.1.0.202410251130/tools/bin/../lib/gcc/arm-none-eabi/12.3.1/../../../../arm-none-eabi/lib/thumb/v7e-m+dp/hard\libc_nano.a(libc_a-mallocr.o)
                0x08006240                _malloc_r
 .text.__malloc_lock
                0x08006340        0xc C:/ST/STM32CubeIDE_1.13.2/STM32CubeIDE/plugins/com.st.stm32cube.ide.mcu.externaltools.gnu-tools-for-stm32.12.3.rel1.win32_1.1.0.202410251130/tools/bin/../lib/gcc/arm-none-eabi/12.3.1/../../../../arm-none-eabi/lib/thumb/v7e-m+dp/hard\libc_nano.a(libc_a-mlock.o)
                0x08006340                __malloc_lock
 .text.__malloc_unlock
                0x0800634c        0xc C:/ST/STM32CubeIDE_1.13.2/STM32CubeIDE/plugins/com.st.stm32cube.ide.mcu.externaltools.gnu-tools-for-stm32.12.3.rel1.win32_1.1.0.202410251130/tools/bin/../lib/gcc/arm-none-eabi/12.3.1/../../../../arm-none-eabi/lib/thumb/v7e-m+dp/hard\libc_nano.a(libc_a-mlock.o)
                0x0800634c                __malloc_unlock
 .text.memset   0x08006358       0x10 C:/ST/STM32CubeIDE_1.13.2/STM32CubeIDE/plugins/com.st.stm32cube.ide.mcu.externaltools.gnu-tools-for-stm32.12.3.rel1.win32_1.1.0.202410251130/tools/bin/../lib/gcc/arm-none-eabi/12.3.1/../../../../arm-none-eabi/lib/thumb/v7e-m+dp/hard\libc_nano.a(libc_a-memset.o)
                0x08006358                memset
 .text._sbrk_r  0x08006368       0x20 C:/ST/STM32CubeIDE_1.13.2/STM32CubeIDE/plugins/com.st.stm32cube.ide.mcu.externaltools.gnu-tools-for-stm32.12.3.rel1.win32_1.1.0.202410251130/tools/bin/../lib/gcc/arm-none-eabi/12.3.1/../../../../arm-none-eabi/lib/thumb/v7e-m+dp/hard\libc_nano.a(libc_a-sbrkr.o)
                0x08006368                _sbrk_r
 .text.__errno  0x08006388        0xc C:/ST/STM32CubeIDE_1.13.2/STM32CubeIDE/plugins/com.st.stm32cube.ide.mcu.externaltools.gnu-tools-for-stm32.12.3.rel1.win32_1.1.0.202410251130/tools/bin/../lib/gcc/arm-none-eabi/12.3.1/../../../../arm-none-eabi/lib/thumb/v7e-m+dp/hard\libc_nano.a(libc_a-errno.o)
                0x08006388                __errno
 .text.__libc_init_array
                0x08006394       0x48 C:/ST/STM32CubeIDE_1.13.2/STM32CubeIDE/plugins/com.st.stm32cube.ide.mcu.externaltools.gnu-tools-for-stm32.12.3.rel1.win32_1.1.0.202410251130/tools/bin/../lib/gcc/arm-none-eabi/12.3.1/../../../../arm-none-eabi/lib/thumb/v7e-m+dp/hard\libc_nano.a(libc_a-init.o)
                0x08006394                __libc_init_array
 .text.__retarget_lock_acquire_recursive
                0x080063dc        0x2 C:/ST/STM32CubeIDE_1.13.2/STM32CubeIDE/plugins/com.st.stm32cube.ide.mcu.externaltools.gnu-tools-for-stm32.12.3.rel1.win32_1.1.0.202410251130/tools/bin/../lib/gcc/arm-none-eabi/12.3.1/../../../../arm-none-eabi/lib/thumb/v7e-m+dp/hard\libc_nano.a(libc_a-lock.o)
                0x080063dc                __retarget_lock_acquire_recursive
 .text.__retarget_lock_release_recursive
                0x080063de        0x2 C:/ST/STM32CubeIDE_1.13.2/STM32CubeIDE/plugins/com.st.stm32cube.ide.mcu.externaltools.gnu-tools-for-stm32.12.3.rel1.win32_1.1.0.202410251130/tools/bin/../lib/gcc/arm-none-eabi/12.3.1/../../../../arm-none-eabi/lib/thumb/v7e-m+dp/hard\libc_nano.a(libc_a-lock.o)
                0x080063de                __retarget_lock_release_recursive
 .text.memcpy   0x080063e0       0x1c C:/ST/STM32CubeIDE_1.13.2/STM32CubeIDE/plugins/com.st.stm32cube.ide.mcu.externaltools.gnu-tools-for-stm32.12.3.rel1.win32_1.1.0.202410251130/tools/bin/../lib/gcc/arm-none-eabi/12.3.1/../../../../arm-none-eabi/lib/thumb/v7e-m+dp/hard\libc_nano.a(libc_a-memcpy-stub.o)
                0x080063e0                memcpy
 .text._free_r  0x080063fc       0x94 C:/ST/STM32CubeIDE_1.13.2/STM32CubeIDE/plugins/com.st.stm32cube.ide.mcu.externaltools.gnu-tools-for-stm32.12.3.rel1.win32_1.1.0.202410251130/tools/bin/../lib/gcc/arm-none-eabi/12.3.1/../../../../arm-none-eabi/lib/thumb/v7e-m+dp/hard\libc_nano.a(libc_a-freer.o)
                0x080063fc                _free_r
 *(.glue_7)
 .glue_7        0x08006490        0x0 linker stubs
 *(.glue_7t)
 .glue_7t       0x08006490        0x0 linker stubs
 *(.eh_frame)
 .eh_frame      0x08006490        0x0 C:/ST/STM32CubeIDE_1.13.2/STM32CubeIDE/plugins/com.st.stm32cube.ide.mcu.externaltools.gnu-tools-for-stm32.12.3.rel1.win32_1.1.0.202410251130/tools/bin/../lib/gcc/arm-none-eabi/12.3.1/thumb/v7e-m+dp/hard/crtbegin.o
 *(.init)
 .init          0x08006490        0x4 C:/ST/STM32CubeIDE_1.13.2/STM32CubeIDE/plugins/com.st.stm32cube.ide.mcu.externaltools.gnu-tools-for-stm32.12.3.rel1.win32_1.1.0.202410251130/tools/bin/../lib/gcc/arm-none-eabi/12.3.1/thumb/v7e-m+dp/hard/crti.o
                0x08006490                _init
 .init          0x08006494        0x8 C:/ST/STM32CubeIDE_1.13.2/STM32CubeIDE/plugins/com.st.stm32cube.ide.mcu.externaltools.gnu-tools-for-stm32.12.3.rel1.win32_1.1.0.202410251130/tools/bin/../lib/gcc/arm-none-eabi/12.3.1/thumb/v7e-m+dp/hard/crtn.o
 *(.fini)
 .fini          0x0800649c        0x4 C:/ST/STM32CubeIDE_1.13.2/STM32CubeIDE/plugins/com.st.stm32cube.ide.mcu.externaltools.gnu-tools-for-stm32.12.3.rel1.win32_1.1.0.202410251130/tools/bin/../lib/gcc/arm-none-eabi/12.3.1/thumb/v7e-m+dp/hard/crti.o
                0x0800649c                _fini
 .fini          0x080064a0        0x8 C:/ST/STM32CubeIDE_1.13.2/STM32CubeIDE/plugins/com.st.stm32cube.ide.mcu.externaltools.gnu-tools-for-stm32.12.3.rel1.win32_1.1.0.202410251130/tools/bin/../lib/gcc/arm-none-eabi/12.3.1/thumb/v7e-m+dp/hard/crtn.o
                0x080064a8                        . = ALIGN (0x4)
                0x080064a8                        _etext = .

.vfp11_veneer   0x080064a8        0x0
 .vfp11_veneer  0x080064a8        0x0 linker stubs

.v4_bx          0x080064a8        0x0
 .v4_bx         0x080064a8        0x0 linker stubs

.iplt           0x080064a8        0x0
 .iplt          0x080064a8        0x0 C:/ST/STM32CubeIDE_1.13.2/STM32CubeIDE/plugins/com.st.stm32cube.ide.mcu.externaltools.gnu-tools-for-stm32.12.3.rel1.win32_1.1.0.202410251130/tools/bin/../lib/gcc/arm-none-eabi/12.3.1/thumb/v7e-m+dp/hard/crtbegin.o

.rodata         0x080064a8       0x38
                0x080064a8                        . = ALIGN (0x4)
 *(.rodata)
 *(.rodata*)
 .rodata.D1CorePrescTable
                0x080064a8       0x10 ./Common/Src/system_stm32h7xx_dualcore_boot_cm4_cm7.o
                0x080064a8                D1CorePrescTable
 .rodata.UARTPrescTable
                0x080064b8       0x18 ./Drivers/STM32H7xx_HAL_Driver/stm32h7xx_hal_uart.o
                0x080064b8                UARTPrescTable
 .rodata.numerator.1
                0x080064d0        0x8 ./Drivers/STM32H7xx_HAL_Driver/stm32h7xx_hal_uart_ex.o
 .rodata.denominator.0
                0x080064d8        0x8 ./Drivers/STM32H7xx_HAL_Driver/stm32h7xx_hal_uart_ex.o
                0x080064e0                        . = ALIGN (0x4)

.ARM.extab      0x080064e0        0x0
                0x080064e0                        . = ALIGN (0x4)
 *(.ARM.extab* .gnu.linkonce.armextab.*)
                0x080064e0                        . = ALIGN (0x4)

.ARM            0x080064e0        0x8
                0x080064e0                        . = ALIGN (0x4)
                0x080064e0                        __exidx_start = .
 *(.ARM.exidx*)
 .ARM.exidx     0x080064e0        0x8 C:/ST/STM32CubeIDE_1.13.2/STM32CubeIDE/plugins/com.st.stm32cube.ide.mcu.externaltools.gnu-tools-for-stm32.12.3.rel1.win32_1.1.0.202410251130/tools/bin/../lib/gcc/arm-none-eabi/12.3.1/thumb/v7e-m+dp/hard\libgcc.a(_udivmoddi4.o)
                0x080064e8                        __exidx_end = .
                0x080064e8                        . = ALIGN (0x4)

.preinit_array  0x080064e8        0x0
                0x080064e8                        . = ALIGN (0x4)
                0x080064e8                        PROVIDE (__preinit_array_start = .)
 *(.preinit_array*)
                0x080064e8                        PROVIDE (__preinit_array_end = .)
                0x080064e8                        . = ALIGN (0x4)

.init_array     0x080064e8        0x4
                0x080064e8                        . = ALIGN (0x4)
                0x080064e8                        PROVIDE (__init_array_start = .)
 *(SORT_BY_NAME(.init_array.*))
 *(.init_array*)
 .init_array    0x080064e8        0x4 C:/ST/STM32CubeIDE_1.13.2/STM32CubeIDE/plugins/com.st.stm32cube.ide.mcu.externaltools.gnu-tools-for-stm32.12.3.rel1.win32_1.1.0.202410251130/tools/bin/../lib/gcc/arm-none-eabi/12.3.1/thumb/v7e-m+dp/hard/crtbegin.o
                0x080064ec                        PROVIDE (__init_array_end = .)
                0x080064ec                        . = ALIGN (0x4)

.fini_array     0x080064ec        0x4
                0x080064ec                        . = ALIGN (0x4)
                [!provide]                        PROVIDE (__fini_array_start = .)
 *(SORT_BY_NAME(.fini_array.*))
 *(.fini_array*)
 .fini_array    0x080064ec        0x4 C:/ST/STM32CubeIDE_1.13.2/STM32CubeIDE/plugins/com.st.stm32cube.ide.mcu.externaltools.gnu-tools-for-stm32.12.3.rel1.win32_1.1.0.202410251130/tools/bin/../lib/gcc/arm-none-eabi/12.3.1/thumb/v7e-m+dp/hard/crtbegin.o
                [!provide]                        PROVIDE (__fini_array_end = .)
                0x080064f0                        . = ALIGN (0x4)
                0x080064f0                        _sidata = LOADADDR (.data)

.rel.dyn        0x080064f0        0x0
 .rel.iplt      0x080064f0        0x0 C:/ST/STM32CubeIDE_1.13.2/STM32CubeIDE/plugins/com.st.stm32cube.ide.mcu.externaltools.gnu-tools-for-stm32.12.3.rel1.win32_1.1.0.202410251130/tools/bin/../lib/gcc/arm-none-eabi/12.3.1/thumb/v7e-m+dp/hard/crtbegin.o

.data           0x24000000       0xac load address 0x080064f0
                0x24000000                        . = ALIGN (0x4)
                0x24000000                        _sdata = .
 *(.data)
 *(.data*)
 .data.SystemCoreClock
                0x24000000        0x4 ./Common/Src/system_stm32h7xx_dualcore_boot_cm4_cm7.o
                0x24000000                SystemCoreClock
 .data.SystemD2Clock
                0x24000004        0x4 ./Common/Src/system_stm32h7xx_dualcore_boot_cm4_cm7.o
                0x24000004                SystemD2Clock
 .data.task0_priority
                0x24000008        0x1 ./Core/Src/eos.o
                0x24000008                task0_priority
 .data.task1_priority
                0x24000009        0x1 ./Core/Src/eos.o
                0x24000009                task1_priority
 *fill*         0x2400000a        0x2 
 .data.task1_stack_size
                0x2400000c        0x4 ./Core/Src/eos.o
                0x2400000c                task1_stack_size
 .data.task2_priority
                0x24000010        0x1 ./Core/Src/eos.o
                0x24000010                task2_priority
 *fill*         0x24000011        0x3 
 .data.task2_stack_size
                0x24000014        0x4 ./Core/Src/eos.o
                0x24000014                task2_stack_size
 .data.task3_priority
                0x24000018        0x1 ./Core/Src/eos.o
                0x24000018                task3_priority
 *fill*         0x24000019        0x3 
 .data.task3_stack_size
                0x2400001c        0x4 ./Core/Src/eos.o
                0x2400001c                task3_stack_size
 .data.task4_priority
                0x24000020        0x1 ./Core/Src/eos.o
                0x24000020                task4_priority
 *fill*         0x24000021        0x3 
 .data.task4_stack_size
                0x24000024        0x4 ./Core/Src/eos.o
                0x24000024                task4_stack_size
 .data.task5_priority
                0x24000028        0x1 ./Core/Src/eos.o
                0x24000028                task5_priority
 *fill*         0x24000029        0x3 
 .data.task5_stack_size
                0x2400002c        0x4 ./Core/Src/eos.o
                0x2400002c                task5_stack_size
 .data.t1count  0x24000030        0x8 ./Core/Src/eos.o
                0x24000030                t1count
 .data.task_period
                0x24000038        0x4 ./Core/Src/eos_kernel.o
                0x24000038                task_period
 .data.idle_task
                0x2400003c       0x14 ./Core/Src/eos_kernel.o
                0x2400003c                idle_task
 .data.run_ptr  0x24000050        0x4 ./Core/Src/eos_kernel.o
                0x24000050                run_ptr
 .data.uwTickPrio
                0x24000054        0x4 ./Drivers/STM32H7xx_HAL_Driver/stm32h7xx_hal.o
                0x24000054                uwTickPrio
 .data.uwTickFreq
                0x24000058        0x1 ./Drivers/STM32H7xx_HAL_Driver/stm32h7xx_hal.o
                0x24000058                uwTickFreq
 *fill*         0x24000059        0x3 
 .data._impure_ptr
                0x2400005c        0x4 C:/ST/STM32CubeIDE_1.13.2/STM32CubeIDE/plugins/com.st.stm32cube.ide.mcu.externaltools.gnu-tools-for-stm32.12.3.rel1.win32_1.1.0.202410251130/tools/bin/../lib/gcc/arm-none-eabi/12.3.1/../../../../arm-none-eabi/lib/thumb/v7e-m+dp/hard\libc_nano.a(libc_a-impure.o)
                0x2400005c                _impure_ptr
 .data._impure_data
                0x24000060       0x4c C:/ST/STM32CubeIDE_1.13.2/STM32CubeIDE/plugins/com.st.stm32cube.ide.mcu.externaltools.gnu-tools-for-stm32.12.3.rel1.win32_1.1.0.202410251130/tools/bin/../lib/gcc/arm-none-eabi/12.3.1/../../../../arm-none-eabi/lib/thumb/v7e-m+dp/hard\libc_nano.a(libc_a-impure.o)
                0x24000060                _impure_data
 *(.RamFunc)
 *(.RamFunc*)
                0x240000ac                        . = ALIGN (0x4)
                0x240000ac                        _edata = .

.igot.plt       0x240000ac        0x0 load address 0x0800659c
 .igot.plt      0x240000ac        0x0 C:/ST/STM32CubeIDE_1.13.2/STM32CubeIDE/plugins/com.st.stm32cube.ide.mcu.externaltools.gnu-tools-for-stm32.12.3.rel1.win32_1.1.0.202410251130/tools/bin/../lib/gcc/arm-none-eabi/12.3.1/thumb/v7e-m+dp/hard/crtbegin.o
                0x240000ac                        . = ALIGN (0x4)

.bss            0x240000ac      0x4c4 load address 0x0800659c
                0x240000ac                        _sbss = .
                0x240000ac                        __bss_start__ = _sbss
 *(.bss)
 .bss           0x240000ac       0x1c C:/ST/STM32CubeIDE_1.13.2/STM32CubeIDE/plugins/com.st.stm32cube.ide.mcu.externaltools.gnu-tools-for-stm32.12.3.rel1.win32_1.1.0.202410251130/tools/bin/../lib/gcc/arm-none-eabi/12.3.1/thumb/v7e-m+dp/hard/crtbegin.o
 *(.bss*)
 .bss.sem1      0x240000c8        0x4 ./Core/Src/eos.o
                0x240000c8                sem1
 .bss.queue1    0x240000cc        0x4 ./Core/Src/eos.o
                0x240000cc                queue1
 .bss.queue2    0x240000d0        0x4 ./Core/Src/eos.o
                0x240000d0                queue2
 .bss.task0_handle
                0x240000d4        0x4 ./Core/Src/eos.o
                0x240000d4                task0_handle
 .bss.task0_stack
                0x240000d8      0x200 ./Core/Src/eos.o
                0x240000d8                task0_stack
 .bss.task1_handle
                0x240002d8        0x4 ./Core/Src/eos.o
                0x240002d8                task1_handle
 .bss.task2_handle
                0x240002dc        0x4 ./Core/Src/eos.o
                0x240002dc                task2_handle
 .bss.task3_handle
                0x240002e0        0x4 ./Core/Src/eos.o
                0x240002e0                task3_handle
 .bss.task4_handle
                0x240002e4        0x4 ./Core/Src/eos.o
                0x240002e4                task4_handle
 .bss.task5_handle
                0x240002e8        0x4 ./Core/Src/eos.o
                0x240002e8                task5_handle
 .bss.t0count   0x240002ec        0x4 ./Core/Src/eos.o
                0x240002ec                t0count
 .bss.t2count   0x240002f0        0x4 ./Core/Src/eos.o
                0x240002f0                t2count
 .bss.t3count   0x240002f4        0x4 ./Core/Src/eos.o
                0x240002f4                t3count
 .bss.t4count   0x240002f8        0x4 ./Core/Src/eos.o
                0x240002f8                t4count
 .bss.t5_queue_item
                0x240002fc        0x4 ./Core/Src/eos.o
                0x240002fc                t5_queue_item
 .bss.count.0   0x24000300        0x4 ./Core/Src/eos.o
 .bss.scheduler_enable
                0x24000304        0x1 ./Core/Src/eos_kernel.o
                0x24000304                scheduler_enable
 *fill*         0x24000305        0x3 
 .bss.idle_stack
                0x24000308       0x80 ./Core/Src/eos_kernel.o
                0x24000308                idle_stack
 .bss.eos_tickCounter.0
                0x24000388        0x4 ./Core/Src/eos_kernel.o
 .bss.huart1    0x2400038c       0x94 ./Core/Src/main.o
                0x2400038c                huart1
 .bss.__sbrk_heap_end
                0x24000420        0x4 ./Core/Src/sysmem.o
 .bss.uwTick    0x24000424        0x4 ./Drivers/STM32H7xx_HAL_Driver/stm32h7xx_hal.o
                0x24000424                uwTick
 .bss.__malloc_sbrk_start
                0x24000428        0x4 C:/ST/STM32CubeIDE_1.13.2/STM32CubeIDE/plugins/com.st.stm32cube.ide.mcu.externaltools.gnu-tools-for-stm32.12.3.rel1.win32_1.1.0.202410251130/tools/bin/../lib/gcc/arm-none-eabi/12.3.1/../../../../arm-none-eabi/lib/thumb/v7e-m+dp/hard\libc_nano.a(libc_a-mallocr.o)
                0x24000428                __malloc_sbrk_start
 .bss.__malloc_free_list
                0x2400042c        0x4 C:/ST/STM32CubeIDE_1.13.2/STM32CubeIDE/plugins/com.st.stm32cube.ide.mcu.externaltools.gnu-tools-for-stm32.12.3.rel1.win32_1.1.0.202410251130/tools/bin/../lib/gcc/arm-none-eabi/12.3.1/../../../../arm-none-eabi/lib/thumb/v7e-m+dp/hard\libc_nano.a(libc_a-mallocr.o)
                0x2400042c                __malloc_free_list
 .bss.__sf      0x24000430      0x138 C:/ST/STM32CubeIDE_1.13.2/STM32CubeIDE/plugins/com.st.stm32cube.ide.mcu.externaltools.gnu-tools-for-stm32.12.3.rel1.win32_1.1.0.202410251130/tools/bin/../lib/gcc/arm-none-eabi/12.3.1/../../../../arm-none-eabi/lib/thumb/v7e-m+dp/hard\libc_nano.a(libc_a-findfp.o)
                0x24000430                __sf
 .bss.errno     0x24000568        0x4 C:/ST/STM32CubeIDE_1.13.2/STM32CubeIDE/plugins/com.st.stm32cube.ide.mcu.externaltools.gnu-tools-for-stm32.12.3.rel1.win32_1.1.0.202410251130/tools/bin/../lib/gcc/arm-none-eabi/12.3.1/../../../../arm-none-eabi/lib/thumb/v7e-m+dp/hard\libc_nano.a(libc_a-reent.o)
                0x24000568                errno
 .bss.__lock___malloc_recursive_mutex
                0x2400056c        0x1 C:/ST/STM32CubeIDE_1.13.2/STM32CubeIDE/plugins/com.st.stm32cube.ide.mcu.externaltools.gnu-tools-for-stm32.12.3.rel1.win32_1.1.0.202410251130/tools/bin/../lib/gcc/arm-none-eabi/12.3.1/../../../../arm-none-eabi/lib/thumb/v7e-m+dp/hard\libc_nano.a(libc_a-lock.o)
                0x2400056c                __lock___malloc_recursive_mutex
 *(COMMON)
                0x24000570                        . = ALIGN (0x4)
 *fill*         0x2400056d        0x3 
                0x24000570                        _ebss = .
                0x24000570                        __bss_end__ = _ebss

._user_heap_stack
                0x24000570      0x600 load address 0x0800659c
                0x24000570                        . = ALIGN (0x8)
                [!provide]                        PROVIDE (end = .)
                0x24000570                        PROVIDE (_end = .)
                0x24000770                        . = (. + _Min_Heap_Size)
 *fill*         0x24000570      0x200 
                0x24000b70                        . = (. + _Min_Stack_Size)
 *fill*         0x24000770      0x400 
                0x24000b70                        . = ALIGN (0x8)

/DISCARD/
 libc.a(*)
 libm.a(*)
 libgcc.a(*)

.ARM.attributes
                0x00000000       0x2e
 *(.ARM.attributes)
 .ARM.attributes
                0x00000000       0x20 C:/ST/STM32CubeIDE_1.13.2/STM32CubeIDE/plugins/com.st.stm32cube.ide.mcu.externaltools.gnu-tools-for-stm32.12.3.rel1.win32_1.1.0.202410251130/tools/bin/../lib/gcc/arm-none-eabi/12.3.1/thumb/v7e-m+dp/hard/crti.o
 .ARM.attributes
                0x00000020       0x32 C:/ST/STM32CubeIDE_1.13.2/STM32CubeIDE/plugins/com.st.stm32cube.ide.mcu.externaltools.gnu-tools-for-stm32.12.3.rel1.win32_1.1.0.202410251130/tools/bin/../lib/gcc/arm-none-eabi/12.3.1/thumb/v7e-m+dp/hard/crtbegin.o
 .ARM.attributes
                0x00000052       0x32 ./Common/Src/system_stm32h7xx_dualcore_boot_cm4_cm7.o
 .ARM.attributes
                0x00000084       0x32 ./Core/Src/eos.o
 .ARM.attributes
                0x000000b6       0x32 ./Core/Src/eos_kernel.o
 .ARM.attributes
                0x000000e8       0x32 ./Core/Src/eos_queue.o
 .ARM.attributes
                0x0000011a       0x32 ./Core/Src/eos_semaphore.o
 .ARM.attributes
                0x0000014c       0x32 ./Core/Src/main.o
 .ARM.attributes
                0x0000017e       0x32 ./Core/Src/stm32h7xx_hal_msp.o
 .ARM.attributes
                0x000001b0       0x32 ./Core/Src/stm32h7xx_it.o
 .ARM.attributes
                0x000001e2       0x32 ./Core/Src/sysmem.o
 .ARM.attributes
                0x00000214       0x21 ./Core/Startup/startup_stm32h747xihx.o
 .ARM.attributes
                0x00000235       0x32 ./Drivers/STM32H7xx_HAL_Driver/stm32h7xx_hal.o
 .ARM.attributes
                0x00000267       0x32 ./Drivers/STM32H7xx_HAL_Driver/stm32h7xx_hal_cortex.o
 .ARM.attributes
                0x00000299       0x32 ./Drivers/STM32H7xx_HAL_Driver/stm32h7xx_hal_gpio.o
 .ARM.attributes
                0x000002cb       0x32 ./Drivers/STM32H7xx_HAL_Driver/stm32h7xx_hal_hsem.o
 .ARM.attributes
                0x000002fd       0x32 ./Drivers/STM32H7xx_HAL_Driver/stm32h7xx_hal_pwr_ex.o
 .ARM.attributes
                0x0000032f       0x32 ./Drivers/STM32H7xx_HAL_Driver/stm32h7xx_hal_rcc.o
 .ARM.attributes
                0x00000361       0x32 ./Drivers/STM32H7xx_HAL_Driver/stm32h7xx_hal_rcc_ex.o
 .ARM.attributes
                0x00000393       0x32 ./Drivers/STM32H7xx_HAL_Driver/stm32h7xx_hal_uart.o
 .ARM.attributes
                0x000003c5       0x32 ./Drivers/STM32H7xx_HAL_Driver/stm32h7xx_hal_uart_ex.o
 .ARM.attributes
                0x000003f7       0x32 C:/ST/STM32CubeIDE_1.13.2/STM32CubeIDE/plugins/com.st.stm32cube.ide.mcu.externaltools.gnu-tools-for-stm32.12.3.rel1.win32_1.1.0.202410251130/tools/bin/../lib/gcc/arm-none-eabi/12.3.1/../../../../arm-none-eabi/lib/thumb/v7e-m+dp/hard\libc_nano.a(libc_a-malloc.o)
 .ARM.attributes
                0x00000429       0x32 C:/ST/STM32CubeIDE_1.13.2/STM32CubeIDE/plugins/com.st.stm32cube.ide.mcu.externaltools.gnu-tools-for-stm32.12.3.rel1.win32_1.1.0.202410251130/tools/bin/../lib/gcc/arm-none-eabi/12.3.1/../../../../arm-none-eabi/lib/thumb/v7e-m+dp/hard\libc_nano.a(libc_a-mallocr.o)
 .ARM.attributes
                0x0000045b       0x32 C:/ST/STM32CubeIDE_1.13.2/STM32CubeIDE/plugins/com.st.stm32cube.ide.mcu.externaltools.gnu-tools-for-stm32.12.3.rel1.win32_1.1.0.202410251130/tools/bin/../lib/gcc/arm-none-eabi/12.3.1/../../../../arm-none-eabi/lib/thumb/v7e-m+dp/hard\libc_nano.a(libc_a-mlock.o)
 .ARM.attributes
                0x0000048d       0x32 C:/ST/STM32CubeIDE_1.13.2/STM32CubeIDE/plugins/com.st.stm32cube.ide.mcu.externaltools.gnu-tools-for-stm32.12.3.rel1.win32_1.1.0.202410251130/tools/bin/../lib/gcc/arm-none-eabi/12.3.1/../../../../arm-none-eabi/lib/thumb/v7e-m+dp/hard\libc_nano.a(libc_a-findfp.o)
 .ARM.attributes
                0x000004bf       0x32 C:/ST/STM32CubeIDE_1.13.2/STM32CubeIDE/plugins/com.st.stm32cube.ide.mcu.externaltools.gnu-tools-for-stm32.12.3.rel1.win32_1.1.0.202410251130/tools/bin/../lib/gcc/arm-none-eabi/12.3.1/../../../../arm-none-eabi/lib/thumb/v7e-m+dp/hard\libc_nano.a(libc_a-memset.o)
 .ARM.attributes
                0x000004f1       0x32 C:/ST/STM32CubeIDE_1.13.2/STM32CubeIDE/plugins/com.st.stm32cube.ide.mcu.externaltools.gnu-tools-for-stm32.12.3.rel1.win32_1.1.0.202410251130/tools/bin/../lib/gcc/arm-none-eabi/12.3.1/../../../../arm-none-eabi/lib/thumb/v7e-m+dp/hard\libc_nano.a(libc_a-reent.o)
 .ARM.attributes
                0x00000523       0x32 C:/ST/STM32CubeIDE_1.13.2/STM32CubeIDE/plugins/com.st.stm32cube.ide.mcu.externaltools.gnu-tools-for-stm32.12.3.rel1.win32_1.1.0.202410251130/tools/bin/../lib/gcc/arm-none-eabi/12.3.1/../../../../arm-none-eabi/lib/thumb/v7e-m+dp/hard\libc_nano.a(libc_a-impure.o)
 .ARM.attributes
                0x00000555       0x32 C:/ST/STM32CubeIDE_1.13.2/STM32CubeIDE/plugins/com.st.stm32cube.ide.mcu.externaltools.gnu-tools-for-stm32.12.3.rel1.win32_1.1.0.202410251130/tools/bin/../lib/gcc/arm-none-eabi/12.3.1/../../../../arm-none-eabi/lib/thumb/v7e-m+dp/hard\libc_nano.a(libc_a-sbrkr.o)
 .ARM.attributes
                0x00000587       0x32 C:/ST/STM32CubeIDE_1.13.2/STM32CubeIDE/plugins/com.st.stm32cube.ide.mcu.externaltools.gnu-tools-for-stm32.12.3.rel1.win32_1.1.0.202410251130/tools/bin/../lib/gcc/arm-none-eabi/12.3.1/../../../../arm-none-eabi/lib/thumb/v7e-m+dp/hard\libc_nano.a(libc_a-errno.o)
 .ARM.attributes
                0x000005b9       0x32 C:/ST/STM32CubeIDE_1.13.2/STM32CubeIDE/plugins/com.st.stm32cube.ide.mcu.externaltools.gnu-tools-for-stm32.12.3.rel1.win32_1.1.0.202410251130/tools/bin/../lib/gcc/arm-none-eabi/12.3.1/../../../../arm-none-eabi/lib/thumb/v7e-m+dp/hard\libc_nano.a(libc_a-init.o)
 .ARM.attributes
                0x000005eb       0x32 C:/ST/STM32CubeIDE_1.13.2/STM32CubeIDE/plugins/com.st.stm32cube.ide.mcu.externaltools.gnu-tools-for-stm32.12.3.rel1.win32_1.1.0.202410251130/tools/bin/../lib/gcc/arm-none-eabi/12.3.1/../../../../arm-none-eabi/lib/thumb/v7e-m+dp/hard\libc_nano.a(libc_a-lock.o)
 .ARM.attributes
                0x0000061d       0x32 C:/ST/STM32CubeIDE_1.13.2/STM32CubeIDE/plugins/com.st.stm32cube.ide.mcu.externaltools.gnu-tools-for-stm32.12.3.rel1.win32_1.1.0.202410251130/tools/bin/../lib/gcc/arm-none-eabi/12.3.1/../../../../arm-none-eabi/lib/thumb/v7e-m+dp/hard\libc_nano.a(libc_a-memcpy-stub.o)
 .ARM.attributes
                0x0000064f       0x32 C:/ST/STM32CubeIDE_1.13.2/STM32CubeIDE/plugins/com.st.stm32cube.ide.mcu.externaltools.gnu-tools-for-stm32.12.3.rel1.win32_1.1.0.202410251130/tools/bin/../lib/gcc/arm-none-eabi/12.3.1/../../../../arm-none-eabi/lib/thumb/v7e-m+dp/hard\libc_nano.a(libc_a-freer.o)
 .ARM.attributes
                0x00000681       0x20 C:/ST/STM32CubeIDE_1.13.2/STM32CubeIDE/plugins/com.st.stm32cube.ide.mcu.externaltools.gnu-tools-for-stm32.12.3.rel1.win32_1.1.0.202410251130/tools/bin/../lib/gcc/arm-none-eabi/12.3.1/thumb/v7e-m+dp/hard\libgcc.a(_aeabi_uldivmod.o)
 .ARM.attributes
                0x000006a1       0x32 C:/ST/STM32CubeIDE_1.13.2/STM32CubeIDE/plugins/com.st.stm32cube.ide.mcu.externaltools.gnu-tools-for-stm32.12.3.rel1.win32_1.1.0.202410251130/tools/bin/../lib/gcc/arm-none-eabi/12.3.1/thumb/v7e-m+dp/hard\libgcc.a(_udivmoddi4.o)
 .ARM.attributes
                0x000006d3       0x20 C:/ST/STM32CubeIDE_1.13.2/STM32CubeIDE/plugins/com.st.stm32cube.ide.mcu.externaltools.gnu-tools-for-stm32.12.3.rel1.win32_1.1.0.202410251130/tools/bin/../lib/gcc/arm-none-eabi/12.3.1/thumb/v7e-m+dp/hard\libgcc.a(_dvmd_tls.o)
 .ARM.attributes
                0x000006f3       0x20 C:/ST/STM32CubeIDE_1.13.2/STM32CubeIDE/plugins/com.st.stm32cube.ide.mcu.externaltools.gnu-tools-for-stm32.12.3.rel1.win32_1.1.0.202410251130/tools/bin/../lib/gcc/arm-none-eabi/12.3.1/thumb/v7e-m+dp/hard/crtn.o
OUTPUT(EvanRTOS_CM7.elf elf32-littlearm)
LOAD linker stubs
LOAD C:/ST/STM32CubeIDE_1.13.2/STM32CubeIDE/plugins/com.st.stm32cube.ide.mcu.externaltools.gnu-tools-for-stm32.12.3.rel1.win32_1.1.0.202410251130/tools/bin/../lib/gcc/arm-none-eabi/12.3.1/../../../../arm-none-eabi/lib/thumb/v7e-m+dp/hard\libc.a
LOAD C:/ST/STM32CubeIDE_1.13.2/STM32CubeIDE/plugins/com.st.stm32cube.ide.mcu.externaltools.gnu-tools-for-stm32.12.3.rel1.win32_1.1.0.202410251130/tools/bin/../lib/gcc/arm-none-eabi/12.3.1/../../../../arm-none-eabi/lib/thumb/v7e-m+dp/hard\libm.a
LOAD C:/ST/STM32CubeIDE_1.13.2/STM32CubeIDE/plugins/com.st.stm32cube.ide.mcu.externaltools.gnu-tools-for-stm32.12.3.rel1.win32_1.1.0.202410251130/tools/bin/../lib/gcc/arm-none-eabi/12.3.1/thumb/v7e-m+dp/hard\libgcc.a

.debug_info     0x00000000    0x11a98
 .debug_info    0x00000000      0xe73 ./Common/Src/system_stm32h7xx_dualcore_boot_cm4_cm7.o
 .debug_info    0x00000e73      0x6c3 ./Core/Src/eos.o
 .debug_info    0x00001536      0x999 ./Core/Src/eos_kernel.o
 .debug_info    0x00001ecf      0x39f ./Core/Src/eos_queue.o
 .debug_info    0x0000226e      0x2b4 ./Core/Src/eos_semaphore.o
 .debug_info    0x00002522     0x1703 ./Core/Src/main.o
 .debug_info    0x00003c25     0x143f ./Core/Src/stm32h7xx_hal_msp.o
 .debug_info    0x00005064       0xfd ./Core/Src/stm32h7xx_it.o
 .debug_info    0x00005161      0x168 ./Core/Src/sysmem.o
 .debug_info    0x000052c9       0x30 ./Core/Startup/startup_stm32h747xihx.o
 .debug_info    0x000052f9     0x177a ./Drivers/STM32H7xx_HAL_Driver/stm32h7xx_hal.o
 .debug_info    0x00006a73     0x10d5 ./Drivers/STM32H7xx_HAL_Driver/stm32h7xx_hal_cortex.o
 .debug_info    0x00007b48      0xd06 ./Drivers/STM32H7xx_HAL_Driver/stm32h7xx_hal_gpio.o
 .debug_info    0x0000884e      0x3d3 ./Drivers/STM32H7xx_HAL_Driver/stm32h7xx_hal_hsem.o
 .debug_info    0x00008c21     0x1225 ./Drivers/STM32H7xx_HAL_Driver/stm32h7xx_hal_pwr_ex.o
 .debug_info    0x00009e46      0xe67 ./Drivers/STM32H7xx_HAL_Driver/stm32h7xx_hal_rcc.o
 .debug_info    0x0000acad     0x130f ./Drivers/STM32H7xx_HAL_Driver/stm32h7xx_hal_rcc_ex.o
 .debug_info    0x0000bfbc     0x4b1d ./Drivers/STM32H7xx_HAL_Driver/stm32h7xx_hal_uart.o
 .debug_info    0x00010ad9      0xfbf ./Drivers/STM32H7xx_HAL_Driver/stm32h7xx_hal_uart_ex.o

.debug_abbrev   0x00000000     0x2784
 .debug_abbrev  0x00000000      0x165 ./Common/Src/system_stm32h7xx_dualcore_boot_cm4_cm7.o
 .debug_abbrev  0x00000165      0x177 ./Core/Src/eos.o
 .debug_abbrev  0x000002dc      0x3e8 ./Core/Src/eos_kernel.o
 .debug_abbrev  0x000006c4      0x189 ./Core/Src/eos_queue.o
 .debug_abbrev  0x0000084d      0x16d ./Core/Src/eos_semaphore.o
 .debug_abbrev  0x000009ba      0x2da ./Core/Src/main.o
 .debug_abbrev  0x00000c94      0x20c ./Core/Src/stm32h7xx_hal_msp.o
 .debug_abbrev  0x00000ea0       0x47 ./Core/Src/stm32h7xx_it.o
 .debug_abbrev  0x00000ee7       0xbc ./Core/Src/sysmem.o
 .debug_abbrev  0x00000fa3       0x24 ./Core/Startup/startup_stm32h747xihx.o
 .debug_abbrev  0x00000fc7      0x295 ./Drivers/STM32H7xx_HAL_Driver/stm32h7xx_hal.o
 .debug_abbrev  0x0000125c      0x339 ./Drivers/STM32H7xx_HAL_Driver/stm32h7xx_hal_cortex.o
 .debug_abbrev  0x00001595      0x205 ./Drivers/STM32H7xx_HAL_Driver/stm32h7xx_hal_gpio.o
 .debug_abbrev  0x0000179a      0x1d3 ./Drivers/STM32H7xx_HAL_Driver/stm32h7xx_hal_hsem.o
 .debug_abbrev  0x0000196d      0x2d7 ./Drivers/STM32H7xx_HAL_Driver/stm32h7xx_hal_pwr_ex.o
 .debug_abbrev  0x00001c44      0x2c8 ./Drivers/STM32H7xx_HAL_Driver/stm32h7xx_hal_rcc.o
 .debug_abbrev  0x00001f0c      0x269 ./Drivers/STM32H7xx_HAL_Driver/stm32h7xx_hal_rcc_ex.o
 .debug_abbrev  0x00002175      0x33d ./Drivers/STM32H7xx_HAL_Driver/stm32h7xx_hal_uart.o
 .debug_abbrev  0x000024b2      0x2d2 ./Drivers/STM32H7xx_HAL_Driver/stm32h7xx_hal_uart_ex.o

.debug_aranges  0x00000000      0xc70
 .debug_aranges
                0x00000000       0x30 ./Common/Src/system_stm32h7xx_dualcore_boot_cm4_cm7.o
 .debug_aranges
                0x00000030       0x50 ./Core/Src/eos.o
 .debug_aranges
                0x00000080       0xa0 ./Core/Src/eos_kernel.o
 .debug_aranges
                0x00000120       0x30 ./Core/Src/eos_queue.o
 .debug_aranges
                0x00000150       0x30 ./Core/Src/eos_semaphore.o
 .debug_aranges
                0x00000180       0x48 ./Core/Src/main.o
 .debug_aranges
                0x000001c8       0x30 ./Core/Src/stm32h7xx_hal_msp.o
 .debug_aranges
                0x000001f8       0x50 ./Core/Src/stm32h7xx_it.o
 .debug_aranges
                0x00000248       0x20 ./Core/Src/sysmem.o
 .debug_aranges
                0x00000268       0x28 ./Core/Startup/startup_stm32h747xihx.o
 .debug_aranges
                0x00000290      0x200 ./Drivers/STM32H7xx_HAL_Driver/stm32h7xx_hal.o
 .debug_aranges
                0x00000490      0x130 ./Drivers/STM32H7xx_HAL_Driver/stm32h7xx_hal_cortex.o
 .debug_aranges
                0x000005c0       0x58 ./Drivers/STM32H7xx_HAL_Driver/stm32h7xx_hal_gpio.o
 .debug_aranges
                0x00000618       0x70 ./Drivers/STM32H7xx_HAL_Driver/stm32h7xx_hal_hsem.o
 .debug_aranges
                0x00000688      0x170 ./Drivers/STM32H7xx_HAL_Driver/stm32h7xx_hal_pwr_ex.o
 .debug_aranges
                0x000007f8       0x88 ./Drivers/STM32H7xx_HAL_Driver/stm32h7xx_hal_rcc.o
 .debug_aranges
                0x00000880      0x100 ./Drivers/STM32H7xx_HAL_Driver/stm32h7xx_hal_rcc_ex.o
 .debug_aranges
                0x00000980      0x248 ./Drivers/STM32H7xx_HAL_Driver/stm32h7xx_hal_uart.o
 .debug_aranges
                0x00000bc8       0xa8 ./Drivers/STM32H7xx_HAL_Driver/stm32h7xx_hal_uart_ex.o

.debug_rnglists
                0x00000000      0x974
 .debug_rnglists
                0x00000000       0x21 ./Common/Src/system_stm32h7xx_dualcore_boot_cm4_cm7.o
 .debug_rnglists
                0x00000021       0x38 ./Core/Src/eos.o
 .debug_rnglists
                0x00000059       0x77 ./Core/Src/eos_kernel.o
 .debug_rnglists
                0x000000d0       0x21 ./Core/Src/eos_queue.o
 .debug_rnglists
                0x000000f1       0x1f ./Core/Src/eos_semaphore.o
 .debug_rnglists
                0x00000110       0x35 ./Core/Src/main.o
 .debug_rnglists
                0x00000145       0x20 ./Core/Src/stm32h7xx_hal_msp.o
 .debug_rnglists
                0x00000165       0x37 ./Core/Src/stm32h7xx_it.o
 .debug_rnglists
                0x0000019c       0x13 ./Core/Src/sysmem.o
 .debug_rnglists
                0x000001af       0x19 ./Core/Startup/startup_stm32h747xihx.o
 .debug_rnglists
                0x000001c8      0x180 ./Drivers/STM32H7xx_HAL_Driver/stm32h7xx_hal.o
 .debug_rnglists
                0x00000348       0xe0 ./Drivers/STM32H7xx_HAL_Driver/stm32h7xx_hal_cortex.o
 .debug_rnglists
                0x00000428       0x3f ./Drivers/STM32H7xx_HAL_Driver/stm32h7xx_hal_gpio.o
 .debug_rnglists
                0x00000467       0x4f ./Drivers/STM32H7xx_HAL_Driver/stm32h7xx_hal_hsem.o
 .debug_rnglists
                0x000004b6      0x117 ./Drivers/STM32H7xx_HAL_Driver/stm32h7xx_hal_pwr_ex.o
 .debug_rnglists
                0x000005cd       0x68 ./Drivers/STM32H7xx_HAL_Driver/stm32h7xx_hal_rcc.o
 .debug_rnglists
                0x00000635       0xc6 ./Drivers/STM32H7xx_HAL_Driver/stm32h7xx_hal_rcc_ex.o
 .debug_rnglists
                0x000006fb      0x1fa ./Drivers/STM32H7xx_HAL_Driver/stm32h7xx_hal_uart.o
 .debug_rnglists
                0x000008f5       0x7f ./Drivers/STM32H7xx_HAL_Driver/stm32h7xx_hal_uart_ex.o

.debug_macro    0x00000000    0x3f70e
 .debug_macro   0x00000000      0x294 ./Common/Src/system_stm32h7xx_dualcore_boot_cm4_cm7.o
 .debug_macro   0x00000294      0xad8 ./Common/Src/system_stm32h7xx_dualcore_boot_cm4_cm7.o
 .debug_macro   0x00000d6c       0x2e ./Common/Src/system_stm32h7xx_dualcore_boot_cm4_cm7.o
 .debug_macro   0x00000d9a       0x49 ./Common/Src/system_stm32h7xx_dualcore_boot_cm4_cm7.o
 .debug_macro   0x00000de3       0x22 ./Common/Src/system_stm32h7xx_dualcore_boot_cm4_cm7.o
 .debug_macro   0x00000e05       0x8e ./Common/Src/system_stm32h7xx_dualcore_boot_cm4_cm7.o
 .debug_macro   0x00000e93       0x51 ./Common/Src/system_stm32h7xx_dualcore_boot_cm4_cm7.o
 .debug_macro   0x00000ee4      0x103 ./Common/Src/system_stm32h7xx_dualcore_boot_cm4_cm7.o
 .debug_macro   0x00000fe7       0x6a ./Common/Src/system_stm32h7xx_dualcore_boot_cm4_cm7.o
 .debug_macro   0x00001051      0x1df ./Common/Src/system_stm32h7xx_dualcore_boot_cm4_cm7.o
 .debug_macro   0x00001230       0x1c ./Common/Src/system_stm32h7xx_dualcore_boot_cm4_cm7.o
 .debug_macro   0x0000124c       0x22 ./Common/Src/system_stm32h7xx_dualcore_boot_cm4_cm7.o
 .debug_macro   0x0000126e       0xfb ./Common/Src/system_stm32h7xx_dualcore_boot_cm4_cm7.o
 .debug_macro   0x00001369     0x1305 ./Common/Src/system_stm32h7xx_dualcore_boot_cm4_cm7.o
 .debug_macro   0x0000266e      0x11f ./Common/Src/system_stm32h7xx_dualcore_boot_cm4_cm7.o
 .debug_macro   0x0000278d       0x27 ./Common/Src/system_stm32h7xx_dualcore_boot_cm4_cm7.o
 .debug_macro   0x000027b4    0x2ca3c ./Common/Src/system_stm32h7xx_dualcore_boot_cm4_cm7.o
 .debug_macro   0x0002f1f0       0x6d ./Common/Src/system_stm32h7xx_dualcore_boot_cm4_cm7.o
 .debug_macro   0x0002f25d      0x232 ./Common/Src/system_stm32h7xx_dualcore_boot_cm4_cm7.o
 .debug_macro   0x0002f48f     0x3d79 ./Common/Src/system_stm32h7xx_dualcore_boot_cm4_cm7.o
 .debug_macro   0x00033208      0x189 ./Common/Src/system_stm32h7xx_dualcore_boot_cm4_cm7.o
 .debug_macro   0x00033391       0x61 ./Common/Src/system_stm32h7xx_dualcore_boot_cm4_cm7.o
 .debug_macro   0x000333f2       0x29 ./Common/Src/system_stm32h7xx_dualcore_boot_cm4_cm7.o
 .debug_macro   0x0003341b       0x43 ./Common/Src/system_stm32h7xx_dualcore_boot_cm4_cm7.o
 .debug_macro   0x0003345e       0x34 ./Common/Src/system_stm32h7xx_dualcore_boot_cm4_cm7.o
 .debug_macro   0x00033492       0x16 ./Common/Src/system_stm32h7xx_dualcore_boot_cm4_cm7.o
 .debug_macro   0x000334a8       0x43 ./Common/Src/system_stm32h7xx_dualcore_boot_cm4_cm7.o
 .debug_macro   0x000334eb       0x34 ./Common/Src/system_stm32h7xx_dualcore_boot_cm4_cm7.o
 .debug_macro   0x0003351f       0x10 ./Common/Src/system_stm32h7xx_dualcore_boot_cm4_cm7.o
 .debug_macro   0x0003352f       0x58 ./Common/Src/system_stm32h7xx_dualcore_boot_cm4_cm7.o
 .debug_macro   0x00033587       0x8e ./Common/Src/system_stm32h7xx_dualcore_boot_cm4_cm7.o
 .debug_macro   0x00033615       0x1c ./Common/Src/system_stm32h7xx_dualcore_boot_cm4_cm7.o
 .debug_macro   0x00033631      0x177 ./Common/Src/system_stm32h7xx_dualcore_boot_cm4_cm7.o
 .debug_macro   0x000337a8      0x369 ./Common/Src/system_stm32h7xx_dualcore_boot_cm4_cm7.o
 .debug_macro   0x00033b11      0x19b ./Common/Src/system_stm32h7xx_dualcore_boot_cm4_cm7.o
 .debug_macro   0x00033cac       0x5d ./Common/Src/system_stm32h7xx_dualcore_boot_cm4_cm7.o
 .debug_macro   0x00033d09     0x3ae3 ./Common/Src/system_stm32h7xx_dualcore_boot_cm4_cm7.o
 .debug_macro   0x000377ec     0x1095 ./Common/Src/system_stm32h7xx_dualcore_boot_cm4_cm7.o
 .debug_macro   0x00038881      0x154 ./Common/Src/system_stm32h7xx_dualcore_boot_cm4_cm7.o
 .debug_macro   0x000389d5      0x130 ./Common/Src/system_stm32h7xx_dualcore_boot_cm4_cm7.o
 .debug_macro   0x00038b05      0x3c9 ./Common/Src/system_stm32h7xx_dualcore_boot_cm4_cm7.o
 .debug_macro   0x00038ece       0xac ./Common/Src/system_stm32h7xx_dualcore_boot_cm4_cm7.o
 .debug_macro   0x00038f7a      0x72d ./Common/Src/system_stm32h7xx_dualcore_boot_cm4_cm7.o
 .debug_macro   0x000396a7      0x228 ./Common/Src/system_stm32h7xx_dualcore_boot_cm4_cm7.o
 .debug_macro   0x000398cf       0x66 ./Common/Src/system_stm32h7xx_dualcore_boot_cm4_cm7.o
 .debug_macro   0x00039935      0x3c9 ./Common/Src/system_stm32h7xx_dualcore_boot_cm4_cm7.o
 .debug_macro   0x00039cfe      0x407 ./Common/Src/system_stm32h7xx_dualcore_boot_cm4_cm7.o
 .debug_macro   0x0003a105      0x27c ./Common/Src/system_stm32h7xx_dualcore_boot_cm4_cm7.o
 .debug_macro   0x0003a381      0x3ca ./Common/Src/system_stm32h7xx_dualcore_boot_cm4_cm7.o
 .debug_macro   0x0003a74b      0x4a2 ./Common/Src/system_stm32h7xx_dualcore_boot_cm4_cm7.o
 .debug_macro   0x0003abed       0x51 ./Common/Src/system_stm32h7xx_dualcore_boot_cm4_cm7.o
 .debug_macro   0x0003ac3e       0x4a ./Common/Src/system_stm32h7xx_dualcore_boot_cm4_cm7.o
 .debug_macro   0x0003ac88      0x22c ./Common/Src/system_stm32h7xx_dualcore_boot_cm4_cm7.o
 .debug_macro   0x0003aeb4       0x67 ./Common/Src/system_stm32h7xx_dualcore_boot_cm4_cm7.o
 .debug_macro   0x0003af1b       0xa5 ./Common/Src/system_stm32h7xx_dualcore_boot_cm4_cm7.o
 .debug_macro   0x0003afc0      0x218 ./Common/Src/system_stm32h7xx_dualcore_boot_cm4_cm7.o
 .debug_macro   0x0003b1d8      0x2ea ./Common/Src/system_stm32h7xx_dualcore_boot_cm4_cm7.o
 .debug_macro   0x0003b4c2       0x35 ./Common/Src/system_stm32h7xx_dualcore_boot_cm4_cm7.o
 .debug_macro   0x0003b4f7      0x693 ./Common/Src/system_stm32h7xx_dualcore_boot_cm4_cm7.o
 .debug_macro   0x0003bb8a       0xa6 ./Common/Src/system_stm32h7xx_dualcore_boot_cm4_cm7.o
 .debug_macro   0x0003bc30      0x7a4 ./Common/Src/system_stm32h7xx_dualcore_boot_cm4_cm7.o
 .debug_macro   0x0003c3d4      0x332 ./Core/Src/eos.o
 .debug_macro   0x0003c706       0x16 ./Core/Src/eos.o
 .debug_macro   0x0003c71c      0x11c ./Core/Src/eos.o
 .debug_macro   0x0003c838       0x94 ./Core/Src/eos.o
 .debug_macro   0x0003c8cc       0x16 ./Core/Src/eos.o
 .debug_macro   0x0003c8e2       0x29 ./Core/Src/eos.o
 .debug_macro   0x0003c90b       0x16 ./Core/Src/eos.o
 .debug_macro   0x0003c921       0x35 ./Core/Src/eos.o
 .debug_macro   0x0003c956       0x20 ./Core/Src/eos.o
 .debug_macro   0x0003c976       0x88 ./Core/Src/eos.o
 .debug_macro   0x0003c9fe       0x16 ./Core/Src/eos.o
 .debug_macro   0x0003ca14      0x31e ./Core/Src/eos_kernel.o
 .debug_macro   0x0003cd32      0x324 ./Core/Src/eos_queue.o
 .debug_macro   0x0003d056      0x324 ./Core/Src/eos_semaphore.o
 .debug_macro   0x0003d37a      0x2b7 ./Core/Src/main.o
 .debug_macro   0x0003d631      0x2b1 ./Core/Src/stm32h7xx_hal_msp.o
 .debug_macro   0x0003d8e2      0x2bb ./Core/Src/stm32h7xx_it.o
 .debug_macro   0x0003db9d       0xff ./Core/Src/sysmem.o
 .debug_macro   0x0003dc9c      0x23c ./Core/Src/sysmem.o
 .debug_macro   0x0003ded8      0x2be ./Drivers/STM32H7xx_HAL_Driver/stm32h7xx_hal.o
 .debug_macro   0x0003e196      0x294 ./Drivers/STM32H7xx_HAL_Driver/stm32h7xx_hal_cortex.o
 .debug_macro   0x0003e42a      0x2a8 ./Drivers/STM32H7xx_HAL_Driver/stm32h7xx_hal_gpio.o
 .debug_macro   0x0003e6d2      0x2a6 ./Drivers/STM32H7xx_HAL_Driver/stm32h7xx_hal_hsem.o
 .debug_macro   0x0003e978      0x2cd ./Drivers/STM32H7xx_HAL_Driver/stm32h7xx_hal_pwr_ex.o
 .debug_macro   0x0003ec45      0x2b8 ./Drivers/STM32H7xx_HAL_Driver/stm32h7xx_hal_rcc.o
 .debug_macro   0x0003eefd      0x2b2 ./Drivers/STM32H7xx_HAL_Driver/stm32h7xx_hal_rcc_ex.o
 .debug_macro   0x0003f1af      0x2bf ./Drivers/STM32H7xx_HAL_Driver/stm32h7xx_hal_uart.o
 .debug_macro   0x0003f46e      0x2a0 ./Drivers/STM32H7xx_HAL_Driver/stm32h7xx_hal_uart_ex.o

.debug_line     0x00000000    0x123cb
 .debug_line    0x00000000      0xb13 ./Common/Src/system_stm32h7xx_dualcore_boot_cm4_cm7.o
 .debug_line    0x00000b13      0xadc ./Core/Src/eos.o
 .debug_line    0x000015ef      0xdd2 ./Core/Src/eos_kernel.o
 .debug_line    0x000023c1      0xa3d ./Core/Src/eos_queue.o
 .debug_line    0x00002dfe      0x9b2 ./Core/Src/eos_semaphore.o
 .debug_line    0x000037b0      0xa8b ./Core/Src/main.o
 .debug_line    0x0000423b      0x91f ./Core/Src/stm32h7xx_hal_msp.o
 .debug_line    0x00004b5a      0x956 ./Core/Src/stm32h7xx_it.o
 .debug_line    0x000054b0      0x579 ./Core/Src/sysmem.o
 .debug_line    0x00005a29       0x7b ./Core/Startup/startup_stm32h747xihx.o
 .debug_line    0x00005aa4     0x1002 ./Drivers/STM32H7xx_HAL_Driver/stm32h7xx_hal.o
 .debug_line    0x00006aa6      0xede ./Drivers/STM32H7xx_HAL_Driver/stm32h7xx_hal_cortex.o
 .debug_line    0x00007984      0xd7b ./Drivers/STM32H7xx_HAL_Driver/stm32h7xx_hal_gpio.o
 .debug_line    0x000086ff      0xa6b ./Drivers/STM32H7xx_HAL_Driver/stm32h7xx_hal_hsem.o
 .debug_line    0x0000916a     0x10e3 ./Drivers/STM32H7xx_HAL_Driver/stm32h7xx_hal_pwr_ex.o
 .debug_line    0x0000a24d     0x1473 ./Drivers/STM32H7xx_HAL_Driver/stm32h7xx_hal_rcc.o
 .debug_line    0x0000b6c0     0x1e5a ./Drivers/STM32H7xx_HAL_Driver/stm32h7xx_hal_rcc_ex.o
 .debug_line    0x0000d51a     0x3f70 ./Drivers/STM32H7xx_HAL_Driver/stm32h7xx_hal_uart.o
 .debug_line    0x0001148a      0xf41 ./Drivers/STM32H7xx_HAL_Driver/stm32h7xx_hal_uart_ex.o

.debug_str      0x00000000   0x195984
 .debug_str     0x00000000   0x1906ff ./Common/Src/system_stm32h7xx_dualcore_boot_cm4_cm7.o
                             0x190b7a (size before relaxing)
 .debug_str     0x001906ff      0x791 ./Core/Src/eos.o
                             0x190ca1 (size before relaxing)
 .debug_str     0x00190e90      0x1dc ./Core/Src/eos_kernel.o
                             0x190d3e (size before relaxing)
 .debug_str     0x0019106c       0x2a ./Core/Src/eos_queue.o
                             0x190a83 (size before relaxing)
 .debug_str     0x00191096       0x26 ./Core/Src/eos_semaphore.o
                             0x190a4c (size before relaxing)
 .debug_str     0x001910bc      0xc7a ./Core/Src/main.o
                             0x191701 (size before relaxing)
 .debug_str     0x00191d36      0x882 ./Core/Src/stm32h7xx_hal_msp.o
                             0x191c03 (size before relaxing)
 .debug_str     0x001925b8       0x9e ./Core/Src/stm32h7xx_it.o
                             0x190795 (size before relaxing)
 .debug_str     0x00192656      0x4dc ./Core/Src/sysmem.o
                               0x614c (size before relaxing)
 .debug_str     0x00192b32       0x44 ./Core/Startup/startup_stm32h747xihx.o
                                 0x8e (size before relaxing)
 .debug_str     0x00192b76      0x9b0 ./Drivers/STM32H7xx_HAL_Driver/stm32h7xx_hal.o
                             0x191be1 (size before relaxing)
 .debug_str     0x00193526      0x3b5 ./Drivers/STM32H7xx_HAL_Driver/stm32h7xx_hal_cortex.o
                             0x191448 (size before relaxing)
 .debug_str     0x001938db      0x159 ./Drivers/STM32H7xx_HAL_Driver/stm32h7xx_hal_gpio.o
                             0x190ad9 (size before relaxing)
 .debug_str     0x00193a34      0x223 ./Drivers/STM32H7xx_HAL_Driver/stm32h7xx_hal_hsem.o
                             0x190764 (size before relaxing)
 .debug_str     0x00193c57      0x6bc ./Drivers/STM32H7xx_HAL_Driver/stm32h7xx_hal_pwr_ex.o
                             0x190fe4 (size before relaxing)
 .debug_str     0x00194313      0x259 ./Drivers/STM32H7xx_HAL_Driver/stm32h7xx_hal_rcc.o
                             0x190e5a (size before relaxing)
 .debug_str     0x0019456c      0x6ac ./Drivers/STM32H7xx_HAL_Driver/stm32h7xx_hal_rcc_ex.o
                             0x1913a1 (size before relaxing)
 .debug_str     0x00194c18      0xac2 ./Drivers/STM32H7xx_HAL_Driver/stm32h7xx_hal_uart.o
                             0x191988 (size before relaxing)
 .debug_str     0x001956da      0x2aa ./Drivers/STM32H7xx_HAL_Driver/stm32h7xx_hal_uart_ex.o
                             0x190f48 (size before relaxing)

.comment        0x00000000       0x43
 .comment       0x00000000       0x43 ./Common/Src/system_stm32h7xx_dualcore_boot_cm4_cm7.o
                                 0x44 (size before relaxing)
 .comment       0x00000043       0x44 ./Core/Src/eos.o
 .comment       0x00000043       0x44 ./Core/Src/eos_kernel.o
 .comment       0x00000043       0x44 ./Core/Src/eos_queue.o
 .comment       0x00000043       0x44 ./Core/Src/eos_semaphore.o
 .comment       0x00000043       0x44 ./Core/Src/main.o
 .comment       0x00000043       0x44 ./Core/Src/stm32h7xx_hal_msp.o
 .comment       0x00000043       0x44 ./Core/Src/stm32h7xx_it.o
 .comment       0x00000043       0x44 ./Core/Src/sysmem.o
 .comment       0x00000043       0x44 ./Drivers/STM32H7xx_HAL_Driver/stm32h7xx_hal.o
 .comment       0x00000043       0x44 ./Drivers/STM32H7xx_HAL_Driver/stm32h7xx_hal_cortex.o
 .comment       0x00000043       0x44 ./Drivers/STM32H7xx_HAL_Driver/stm32h7xx_hal_gpio.o
 .comment       0x00000043       0x44 ./Drivers/STM32H7xx_HAL_Driver/stm32h7xx_hal_hsem.o
 .comment       0x00000043       0x44 ./Drivers/STM32H7xx_HAL_Driver/stm32h7xx_hal_pwr_ex.o
 .comment       0x00000043       0x44 ./Drivers/STM32H7xx_HAL_Driver/stm32h7xx_hal_rcc.o
 .comment       0x00000043       0x44 ./Drivers/STM32H7xx_HAL_Driver/stm32h7xx_hal_rcc_ex.o
 .comment       0x00000043       0x44 ./Drivers/STM32H7xx_HAL_Driver/stm32h7xx_hal_uart.o
 .comment       0x00000043       0x44 ./Drivers/STM32H7xx_HAL_Driver/stm32h7xx_hal_uart_ex.o

.debug_frame    0x00000000     0x34e8
 .debug_frame   0x00000000       0x78 ./Common/Src/system_stm32h7xx_dualcore_boot_cm4_cm7.o
 .debug_frame   0x00000078       0xf0 ./Core/Src/eos.o
 .debug_frame   0x00000168      0x23c ./Core/Src/eos_kernel.o
 .debug_frame   0x000003a4       0x7c ./Core/Src/eos_queue.o
 .debug_frame   0x00000420       0x7c ./Core/Src/eos_semaphore.o
 .debug_frame   0x0000049c       0xd0 ./Core/Src/main.o
 .debug_frame   0x0000056c       0x80 ./Core/Src/stm32h7xx_hal_msp.o
 .debug_frame   0x000005ec       0xc8 ./Core/Src/stm32h7xx_it.o
 .debug_frame   0x000006b4       0x34 ./Core/Src/sysmem.o
 .debug_frame   0x000006e8      0x848 ./Drivers/STM32H7xx_HAL_Driver/stm32h7xx_hal.o
 .debug_frame   0x00000f30      0x508 ./Drivers/STM32H7xx_HAL_Driver/stm32h7xx_hal_cortex.o
 .debug_frame   0x00001438      0x14c ./Drivers/STM32H7xx_HAL_Driver/stm32h7xx_hal_gpio.o
 .debug_frame   0x00001584      0x1bc ./Drivers/STM32H7xx_HAL_Driver/stm32h7xx_hal_hsem.o
 .debug_frame   0x00001740      0x5ec ./Drivers/STM32H7xx_HAL_Driver/stm32h7xx_hal_pwr_ex.o
 .debug_frame   0x00001d2c      0x1f8 ./Drivers/STM32H7xx_HAL_Driver/stm32h7xx_hal_rcc.o
 .debug_frame   0x00001f24      0x43c ./Drivers/STM32H7xx_HAL_Driver/stm32h7xx_hal_rcc_ex.o
 .debug_frame   0x00002360      0xa94 ./Drivers/STM32H7xx_HAL_Driver/stm32h7xx_hal_uart.o
 .debug_frame   0x00002df4      0x2c0 ./Drivers/STM32H7xx_HAL_Driver/stm32h7xx_hal_uart_ex.o
 .debug_frame   0x000030b4       0x30 C:/ST/STM32CubeIDE_1.13.2/STM32CubeIDE/plugins/com.st.stm32cube.ide.mcu.externaltools.gnu-tools-for-stm32.12.3.rel1.win32_1.1.0.202410251130/tools/bin/../lib/gcc/arm-none-eabi/12.3.1/../../../../arm-none-eabi/lib/thumb/v7e-m+dp/hard\libc_nano.a(libc_a-malloc.o)
 .debug_frame   0x000030e4       0x50 C:/ST/STM32CubeIDE_1.13.2/STM32CubeIDE/plugins/com.st.stm32cube.ide.mcu.externaltools.gnu-tools-for-stm32.12.3.rel1.win32_1.1.0.202410251130/tools/bin/../lib/gcc/arm-none-eabi/12.3.1/../../../../arm-none-eabi/lib/thumb/v7e-m+dp/hard\libc_nano.a(libc_a-mallocr.o)
 .debug_frame   0x00003134       0x30 C:/ST/STM32CubeIDE_1.13.2/STM32CubeIDE/plugins/com.st.stm32cube.ide.mcu.externaltools.gnu-tools-for-stm32.12.3.rel1.win32_1.1.0.202410251130/tools/bin/../lib/gcc/arm-none-eabi/12.3.1/../../../../arm-none-eabi/lib/thumb/v7e-m+dp/hard\libc_nano.a(libc_a-mlock.o)
 .debug_frame   0x00003164      0x144 C:/ST/STM32CubeIDE_1.13.2/STM32CubeIDE/plugins/com.st.stm32cube.ide.mcu.externaltools.gnu-tools-for-stm32.12.3.rel1.win32_1.1.0.202410251130/tools/bin/../lib/gcc/arm-none-eabi/12.3.1/../../../../arm-none-eabi/lib/thumb/v7e-m+dp/hard\libc_nano.a(libc_a-findfp.o)
 .debug_frame   0x000032a8       0x20 C:/ST/STM32CubeIDE_1.13.2/STM32CubeIDE/plugins/com.st.stm32cube.ide.mcu.externaltools.gnu-tools-for-stm32.12.3.rel1.win32_1.1.0.202410251130/tools/bin/../lib/gcc/arm-none-eabi/12.3.1/../../../../arm-none-eabi/lib/thumb/v7e-m+dp/hard\libc_nano.a(libc_a-memset.o)
 .debug_frame   0x000032c8       0x38 C:/ST/STM32CubeIDE_1.13.2/STM32CubeIDE/plugins/com.st.stm32cube.ide.mcu.externaltools.gnu-tools-for-stm32.12.3.rel1.win32_1.1.0.202410251130/tools/bin/../lib/gcc/arm-none-eabi/12.3.1/../../../../arm-none-eabi/lib/thumb/v7e-m+dp/hard\libc_nano.a(libc_a-reent.o)
 .debug_frame   0x00003300       0x2c C:/ST/STM32CubeIDE_1.13.2/STM32CubeIDE/plugins/com.st.stm32cube.ide.mcu.externaltools.gnu-tools-for-stm32.12.3.rel1.win32_1.1.0.202410251130/tools/bin/../lib/gcc/arm-none-eabi/12.3.1/../../../../arm-none-eabi/lib/thumb/v7e-m+dp/hard\libc_nano.a(libc_a-sbrkr.o)
 .debug_frame   0x0000332c       0x20 C:/ST/STM32CubeIDE_1.13.2/STM32CubeIDE/plugins/com.st.stm32cube.ide.mcu.externaltools.gnu-tools-for-stm32.12.3.rel1.win32_1.1.0.202410251130/tools/bin/../lib/gcc/arm-none-eabi/12.3.1/../../../../arm-none-eabi/lib/thumb/v7e-m+dp/hard\libc_nano.a(libc_a-errno.o)
 .debug_frame   0x0000334c       0x2c C:/ST/STM32CubeIDE_1.13.2/STM32CubeIDE/plugins/com.st.stm32cube.ide.mcu.externaltools.gnu-tools-for-stm32.12.3.rel1.win32_1.1.0.202410251130/tools/bin/../lib/gcc/arm-none-eabi/12.3.1/../../../../arm-none-eabi/lib/thumb/v7e-m+dp/hard\libc_nano.a(libc_a-init.o)
 .debug_frame   0x00003378       0xb0 C:/ST/STM32CubeIDE_1.13.2/STM32CubeIDE/plugins/com.st.stm32cube.ide.mcu.externaltools.gnu-tools-for-stm32.12.3.rel1.win32_1.1.0.202410251130/tools/bin/../lib/gcc/arm-none-eabi/12.3.1/../../../../arm-none-eabi/lib/thumb/v7e-m+dp/hard\libc_nano.a(libc_a-lock.o)
 .debug_frame   0x00003428       0x28 C:/ST/STM32CubeIDE_1.13.2/STM32CubeIDE/plugins/com.st.stm32cube.ide.mcu.externaltools.gnu-tools-for-stm32.12.3.rel1.win32_1.1.0.202410251130/tools/bin/../lib/gcc/arm-none-eabi/12.3.1/../../../../arm-none-eabi/lib/thumb/v7e-m+dp/hard\libc_nano.a(libc_a-memcpy-stub.o)
 .debug_frame   0x00003450       0x38 C:/ST/STM32CubeIDE_1.13.2/STM32CubeIDE/plugins/com.st.stm32cube.ide.mcu.externaltools.gnu-tools-for-stm32.12.3.rel1.win32_1.1.0.202410251130/tools/bin/../lib/gcc/arm-none-eabi/12.3.1/../../../../arm-none-eabi/lib/thumb/v7e-m+dp/hard\libc_nano.a(libc_a-freer.o)
 .debug_frame   0x00003488       0x2c C:/ST/STM32CubeIDE_1.13.2/STM32CubeIDE/plugins/com.st.stm32cube.ide.mcu.externaltools.gnu-tools-for-stm32.12.3.rel1.win32_1.1.0.202410251130/tools/bin/../lib/gcc/arm-none-eabi/12.3.1/thumb/v7e-m+dp/hard\libgcc.a(_aeabi_uldivmod.o)
 .debug_frame   0x000034b4       0x34 C:/ST/STM32CubeIDE_1.13.2/STM32CubeIDE/plugins/com.st.stm32cube.ide.mcu.externaltools.gnu-tools-for-stm32.12.3.rel1.win32_1.1.0.202410251130/tools/bin/../lib/gcc/arm-none-eabi/12.3.1/thumb/v7e-m+dp/hard\libgcc.a(_udivmoddi4.o)

.debug_line_str
                0x00000000       0x72
 .debug_line_str
                0x00000000       0x72 ./Core/Startup/startup_stm32h747xihx.o
